[2026-06-28 04:22:20]
IP: 127.0.0.1
Nombre: Samantha Neyra Marquez
Correo: sneyramarquez@gmail.com
Servicio: Transporte Logístico
Resultado: ÉXITO
------------------------------------------
[2026-06-28 04:23:49]
IP: 127.0.0.1
Nombre: Daniela Miranda Loayza
Correo: sneyram@autonoma.edulolokokrokforr
Servicio: Transporte Logístico
Resultado: ÉXITO
------------------------------------------
[2026-06-28 04:27:40]
IP: 127.0.0.1
Nombre: Sofia Neyra Marquez
Correo: xdsccee@casa.com
Servicio: Transporte Logístico
Resultado: ÉXITO
------------------------------------------
[2026-06-28 04:33:19]
IP: 127.0.0.1
Nombre: Usuario Piloto
Correo: sneyramarquez@LOL
Resultado: ERROR
Motivo: Correo electrónico inválido
------------------------------------------
[2026-06-28 04:58:50]
IP: 127.0.0.1
Nombre: usuario de prueba
Correo: sneyramarquez@gmail
Resultado: ERROR
Motivo: Correo electrónico inválido
------------------------------------------
[2026-06-28 04:59:57]
IP: 127.0.0.1
Nombre: Usuario Prueba
Correo: sneyram@autonoma.edu.pe
Servicio: Transporte Logístico
Resultado: ÉXITO
------------------------------------------
[2026-06-29 02:42:48]
IP: 127.0.0.1
Nombre: Gumercinda Marquez Choquemamani
Correo: sneyramarquez@LOL
Resultado: ERROR
Motivo: Correo electrónico inválido
------------------------------------------
[2026-06-29 02:43:42]
IP: 127.0.0.1
Resultado: BLOQUEADO
Motivo: Honeypot detectó posible bot
------------------------------------------
[2026-06-29 02:45:09]
IP: 127.0.0.1
Resultado: BLOQUEADO
Motivo: Honeypot detectó posible bot
------------------------------------------
[2026-06-29 03:02:25]
IP: 127.0.0.1
Nombre: sam neyra maquergua
Correo: sneyramarquez@gmail.com
Servicio: Exportación
Resultado: ÉXITO
------------------------------------------
[2026-06-29 03:16:49]
IP: 127.0.0.1
Resultado: ERROR
Motivo: reCAPTCHA no completado
------------------------------------------
[2026-06-29 03:19:58]
IP: 127.0.0.1
Nombre: Usuario de prueba
Correo: sneyram@autonoma.edu.pe
Servicio: Exportación
Resultado: ÉXITO
------------------------------------------
[2026-06-29 03:23:59]
IP: 127.0.0.1
Nombre: Usuario Verificacion
Correo: sneyram@autonoma.edu.pe
Servicio: Agenciamiento de Aduanas
Resultado: ÉXITO
------------------------------------------
[2026-06-30 07:15:43]
IP: 127.0.0.1
Resultado: ERROR
Motivo: reCAPTCHA inválido
------------------------------------------
[2026-06-30 07:16:43]
IP: 127.0.0.1
Resultado: ERROR
Motivo: reCAPTCHA inválido
------------------------------------------
[2026-06-30 07:17:43]
IP: 127.0.0.1
Resultado: ERROR
Motivo: reCAPTCHA inválido
------------------------------------------
[2026-06-30 07:18:25]
IP: 127.0.0.1
Resultado: ERROR
Motivo: reCAPTCHA inválido
------------------------------------------
[2026-06-30 07:18:26]
IP: 127.0.0.1
Resultado: ERROR
Motivo: reCAPTCHA inválido
------------------------------------------
[2026-06-30 07:18:26]
IP: 127.0.0.1
Resultado: ERROR
Motivo: reCAPTCHA inválido
------------------------------------------
[2026-06-30 07:19:27]
IP: 127.0.0.1
Resultado: ERROR
Motivo: reCAPTCHA inválido
------------------------------------------
[2026-06-30 07:20:10]
IP: 127.0.0.1
Nombre: &lt;script&gt;alert(&#039;XSS&#039;)&lt;/script&gt;
Correo: sneyram@autonoma.edu.pe
Servicio: Transporte Logístico
Resultado: ÉXITO
------------------------------------------
[2026-06-30 08:06:39]
IP: 127.0.0.1
Resultado: ERROR
Motivo: Token CSRF inválido
------------------------------------------
[2026-06-30 08:14:06]
IP: 127.0.0.1
Resultado: BLOQUEADO
Motivo: Honeypot detectó posible bot
------------------------------------------
[2026-06-30 08:20:38]
IP: 127.0.0.1
Nombre: Usuario Comprobacion
Correo: sneyram@autonoma.edu.pe
Servicio: Transporte Logístico
Resultado: ÉXITO
------------------------------------------
[2026-06-30 08:20:38]
IP: 127.0.0.1
Resultado: ERROR
Motivo: reCAPTCHA inválido
------------------------------------------
[2026-06-30 08:20:38]
IP: 127.0.0.1
Resultado: ERROR
Motivo: reCAPTCHA inválido
------------------------------------------
[2026-06-30 08:21:13]
IP: 127.0.0.1
Resultado: ERROR
Motivo: reCAPTCHA no completado
------------------------------------------
[2026-06-30 08:22:44]
IP: 127.0.0.1
Nombre: Usuario Tester
Correo: sneyram@autonoma.edu.pe
Servicio: Exportación
Resultado: ÉXITO
------------------------------------------
[2026-06-30 08:28:38]
IP: 127.0.0.1
Nombre: Usuario Piloto
Correo: educativoautonoma@gmail.com
Servicio: Transporte Logístico
Resultado: ÉXITO
------------------------------------------
[2026-06-30 08:33:31]
IP: 127.0.0.1
Nombre: Usuario Tester
Correo: educativoautonoma@gmail.com
Servicio: Importación
Resultado: ÉXITO
------------------------------------------
[2026-06-30 15:26:28]
IP: 127.0.0.1
Nombre: Usuario Tester
Correo: sneyram@autonoma.edu.pe
Servicio: Exportación
Resultado: ÉXITO
------------------------------------------
[2026-06-30 15:26:28]
IP: 127.0.0.1
Resultado: ERROR
Motivo: reCAPTCHA inválido
------------------------------------------
[2026-06-30 15:26:29]
IP: 127.0.0.1
Resultado: ERROR
Motivo: reCAPTCHA inválido
------------------------------------------
[2026-06-30 15:26:29]
IP: 127.0.0.1
Resultado: ERROR
Motivo: reCAPTCHA inválido
------------------------------------------
[2026-06-30 15:26:46]
IP: 127.0.0.1
Nombre: Usuario Tester
Correo: sneyram@autonoma.edu.pe
Servicio: Negocios Internacionales
Resultado: ÉXITO
------------------------------------------
[2026-06-30 15:32:43]
IP: 127.0.0.1
Nombre: Usuario Tester Segundo
Correo: sneyram@NoExistente.pe
Servicio: Transporte Logístico
Resultado: ÉXITO
------------------------------------------
[2026-06-30 15:32:43]
IP: 127.0.0.1
Resultado: ERROR
Motivo: reCAPTCHA inválido
------------------------------------------
[2026-06-30 15:34:28]
IP: 127.0.0.1
Nombre: Usuario Tester Segundo
Correo: correo@NoExistente
Resultado: ERROR
Motivo: Correo electrónico inválido
------------------------------------------
[2026-07-02 03:00:20]
IP: 127.0.0.1
Resultado: ERROR
Motivo: reCAPTCHA inválido
------------------------------------------
[2026-07-02 03:03:29]
IP: 127.0.0.1
Resultado: ERROR
Motivo: reCAPTCHA inválido
------------------------------------------
[2026-07-02 03:04:49]
IP: 127.0.0.1
Nombre: Usuario testeo
Correo: educativoautonoma@gmail.com
Servicio: Importación
Resultado: ÉXITO
------------------------------------------
[2026-07-02 03:06:02]
IP: 127.0.0.1
Resultado: ERROR
Motivo: reCAPTCHA inválido
------------------------------------------
[2026-07-02 03:06:54]
IP: 127.0.0.1
Nombre: usuario testeo tercero
Correo: sneyram@autonoma.edu.pe
Servicio: Importación
Resultado: ÉXITO
------------------------------------------
[2026-07-02 03:11:14]
IP: 127.0.0.1
Resultado: BLOQUEADO
Motivo: Honeypot detectó posible bot
------------------------------------------
[2026-07-02 05:12:44]
IP: 127.0.0.1
Resultado: ERROR
Motivo: reCAPTCHA no completado
------------------------------------------
[2026-07-02 05:15:19]
IP: 127.0.0.1
Resultado: ERROR
Motivo: reCAPTCHA no completado
------------------------------------------
[2026-07-02 05:16:08]
IP: 127.0.0.1
Nombre: Educativo Autonoma
Correo: educativoautonoma@gmail.com
Servicio: Transporte Logístico
Resultado: ÉXITO
------------------------------------------
[2026-07-02 05:18:52]
IP: 127.0.0.1
Resultado: ERROR
Motivo: reCAPTCHA no completado
------------------------------------------
[2026-07-02 05:19:36]
IP: 127.0.0.1
Nombre: Usuario de Pruebas
Correo: sneyram@autonoma.edu.pe
Servicio: Transporte Logístico
Resultado: ÉXITO
------------------------------------------
[2026-07-02 05:33:33]
IP: 127.0.0.1
Nombre: Educativo Autonoma
Correo: sneyram@autonoma.edu.pe
Servicio: Transporte Logístico
Resultado: ÉXITO
------------------------------------------
[2026-07-02 05:44:45]
IP: 127.0.0.1
Resultado: ERROR
Motivo: Token CSRF inválido
------------------------------------------
[2026-07-02 06:07:29]
IP: 127.0.0.1
Resultado: BLOQUEADO
Motivo: Honeypot detectó posible bot
------------------------------------------
[2026-07-02 06:09:08]
IP: 127.0.0.1
Resultado: BLOQUEADO
Motivo: Honeypot detectó posible bot
------------------------------------------
[2026-07-02 06:09:08]
IP: 127.0.0.1
Resultado: BLOQUEADO
Motivo: Honeypot detectó posible bot
------------------------------------------
[2026-07-02 06:09:08]
IP: 127.0.0.1
Resultado: BLOQUEADO
Motivo: Honeypot detectó posible bot
------------------------------------------
[2026-07-02 06:09:08]
IP: 127.0.0.1
Resultado: BLOQUEADO
Motivo: Honeypot detectó posible bot
------------------------------------------
[2026-07-02 06:09:08]
IP: 127.0.0.1
Resultado: BLOQUEADO
Motivo: Honeypot detectó posible bot
------------------------------------------
[2026-07-02 06:09:08]
IP: 127.0.0.1
Resultado: BLOQUEADO
Motivo: Honeypot detectó posible bot
------------------------------------------
[2026-07-02 06:09:08]
IP: 127.0.0.1
Resultado: BLOQUEADO
Motivo: Honeypot detectó posible bot
------------------------------------------
[2026-07-02 06:09:08]
IP: 127.0.0.1
Resultado: BLOQUEADO
Motivo: Honeypot detectó posible bot
------------------------------------------
[2026-07-02 06:09:08]
IP: 127.0.0.1
Resultado: BLOQUEADO
Motivo: Honeypot detectó posible bot
------------------------------------------
[2026-07-02 06:09:08]
IP: 127.0.0.1
Resultado: BLOQUEADO
Motivo: Honeypot detectó posible bot
------------------------------------------
[2026-07-02 06:09:08]
IP: 127.0.0.1
Resultado: BLOQUEADO
Motivo: Honeypot detectó posible bot
------------------------------------------
[2026-07-02 06:09:08]
IP: 127.0.0.1
Resultado: BLOQUEADO
Motivo: Honeypot detectó posible bot
------------------------------------------
[2026-07-02 06:09:08]
IP: 127.0.0.1
Resultado: BLOQUEADO
Motivo: Honeypot detectó posible bot
------------------------------------------
[2026-07-02 06:09:08]
IP: 127.0.0.1
Resultado: BLOQUEADO
Motivo: Honeypot detectó posible bot
------------------------------------------
[2026-07-02 06:09:08]
IP: 127.0.0.1
Resultado: BLOQUEADO
Motivo: Honeypot detectó posible bot
------------------------------------------
[2026-07-02 06:09:08]
IP: 127.0.0.1
Resultado: BLOQUEADO
Motivo: Honeypot detectó posible bot
------------------------------------------
[2026-07-02 06:09:08]
IP: 127.0.0.1
Resultado: BLOQUEADO
Motivo: Honeypot detectó posible bot
------------------------------------------
[2026-07-02 06:09:08]
IP: 127.0.0.1
Resultado: BLOQUEADO
Motivo: Honeypot detectó posible bot
------------------------------------------
[2026-07-02 06:09:08]
IP: 127.0.0.1
Resultado: BLOQUEADO
Motivo: Honeypot detectó posible bot
------------------------------------------
[2026-07-02 06:09:08]
IP: 127.0.0.1
Resultado: BLOQUEADO
Motivo: Honeypot detectó posible bot
------------------------------------------
[2026-07-02 06:09:08]
IP: 127.0.0.1
Resultado: BLOQUEADO
Motivo: Honeypot detectó posible bot
------------------------------------------
[2026-07-02 06:09:08]
IP: 127.0.0.1
Resultado: BLOQUEADO
Motivo: Honeypot detectó posible bot
------------------------------------------
[2026-07-02 06:09:08]
IP: 127.0.0.1
Resultado: BLOQUEADO
Motivo: Honeypot detectó posible bot
------------------------------------------
[2026-07-02 06:09:08]
IP: 127.0.0.1
Resultado: BLOQUEADO
Motivo: Honeypot detectó posible bot
------------------------------------------
[2026-07-02 06:09:08]
IP: 127.0.0.1
Resultado: BLOQUEADO
Motivo: Honeypot detectó posible bot
------------------------------------------
[2026-07-02 06:09:08]
IP: 127.0.0.1
Resultado: BLOQUEADO
Motivo: Honeypot detectó posible bot
------------------------------------------
[2026-07-02 06:09:08]
IP: 127.0.0.1
Resultado: BLOQUEADO
Motivo: Honeypot detectó posible bot
------------------------------------------
[2026-07-02 06:09:08]
IP: 127.0.0.1
Resultado: BLOQUEADO
Motivo: Honeypot detectó posible bot
------------------------------------------
[2026-07-02 06:09:08]
IP: 127.0.0.1
Resultado: BLOQUEADO
Motivo: Honeypot detectó posible bot
------------------------------------------
[2026-07-02 06:09:08]
IP: 127.0.0.1
Resultado: BLOQUEADO
Motivo: Honeypot detectó posible bot
------------------------------------------
[2026-07-02 06:09:08]
IP: 127.0.0.1
Resultado: BLOQUEADO
Motivo: Honeypot detectó posible bot
------------------------------------------
[2026-07-02 06:09:08]
IP: 127.0.0.1
Resultado: BLOQUEADO
Motivo: Honeypot detectó posible bot
------------------------------------------
[2026-07-02 06:09:08]
IP: 127.0.0.1
Resultado: BLOQUEADO
Motivo: Honeypot detectó posible bot
------------------------------------------
[2026-07-02 06:09:08]
IP: 127.0.0.1
Resultado: BLOQUEADO
Motivo: Honeypot detectó posible bot
------------------------------------------
[2026-07-02 06:09:08]
IP: 127.0.0.1
Resultado: BLOQUEADO
Motivo: Honeypot detectó posible bot
------------------------------------------
[2026-07-02 06:09:08]
IP: 127.0.0.1
Resultado: BLOQUEADO
Motivo: Honeypot detectó posible bot
------------------------------------------
[2026-07-02 06:09:08]
IP: 127.0.0.1
Resultado: BLOQUEADO
Motivo: Honeypot detectó posible bot
------------------------------------------
[2026-07-02 06:09:08]
IP: 127.0.0.1
Resultado: BLOQUEADO
Motivo: Honeypot detectó posible bot
------------------------------------------
[2026-07-02 06:09:08]
IP: 127.0.0.1
Resultado: BLOQUEADO
Motivo: Honeypot detectó posible bot
------------------------------------------
[2026-07-02 06:09:08]
IP: 127.0.0.1
Resultado: BLOQUEADO
Motivo: Honeypot detectó posible bot
------------------------------------------
[2026-07-02 06:09:08]
IP: 127.0.0.1
Resultado: BLOQUEADO
Motivo: Honeypot detectó posible bot
------------------------------------------
[2026-07-02 06:09:08]
IP: 127.0.0.1
Resultado: BLOQUEADO
Motivo: Honeypot detectó posible bot
------------------------------------------
[2026-07-02 06:09:08]
IP: 127.0.0.1
Resultado: BLOQUEADO
Motivo: Honeypot detectó posible bot
------------------------------------------
[2026-07-02 06:09:08]
IP: 127.0.0.1
Resultado: BLOQUEADO
Motivo: Honeypot detectó posible bot
------------------------------------------
[2026-07-02 06:09:08]
IP: 127.0.0.1
Resultado: BLOQUEADO
Motivo: Honeypot detectó posible bot
------------------------------------------
[2026-07-02 06:09:08]
IP: 127.0.0.1
Resultado: BLOQUEADO
Motivo: Honeypot detectó posible bot
------------------------------------------
[2026-07-02 06:09:08]
IP: 127.0.0.1
Resultado: BLOQUEADO
Motivo: Honeypot detectó posible bot
------------------------------------------
[2026-07-02 06:09:08]
IP: 127.0.0.1
Resultado: BLOQUEADO
Motivo: Honeypot detectó posible bot
------------------------------------------
[2026-07-02 06:09:08]
IP: 127.0.0.1
Resultado: BLOQUEADO
Motivo: Honeypot detectó posible bot
------------------------------------------
[2026-07-02 06:09:08]
IP: 127.0.0.1
Resultado: BLOQUEADO
Motivo: Honeypot detectó posible bot
------------------------------------------
[2026-07-02 06:09:08]
IP: 127.0.0.1
Resultado: BLOQUEADO
Motivo: Honeypot detectó posible bot
------------------------------------------
[2026-07-02 06:09:08]
IP: 127.0.0.1
Resultado: BLOQUEADO
Motivo: Honeypot detectó posible bot
------------------------------------------
[2026-07-02 06:09:08]
IP: 127.0.0.1
Resultado: BLOQUEADO
Motivo: Honeypot detectó posible bot
------------------------------------------
[2026-07-02 06:09:08]
IP: 127.0.0.1
Resultado: BLOQUEADO
Motivo: Honeypot detectó posible bot
------------------------------------------
[2026-07-02 06:09:08]
IP: 127.0.0.1
Resultado: BLOQUEADO
Motivo: Honeypot detectó posible bot
------------------------------------------
[2026-07-02 06:09:08]
IP: 127.0.0.1
Resultado: BLOQUEADO
Motivo: Honeypot detectó posible bot
------------------------------------------
[2026-07-02 06:09:08]
IP: 127.0.0.1
Resultado: BLOQUEADO
Motivo: Honeypot detectó posible bot
------------------------------------------
[2026-07-02 06:09:08]
IP: 127.0.0.1
Resultado: BLOQUEADO
Motivo: Honeypot detectó posible bot
------------------------------------------
[2026-07-02 06:09:08]
IP: 127.0.0.1
Resultado: BLOQUEADO
Motivo: Honeypot detectó posible bot
------------------------------------------
[2026-07-02 06:09:08]
IP: 127.0.0.1
Resultado: BLOQUEADO
Motivo: Honeypot detectó posible bot
------------------------------------------
[2026-07-02 06:09:08]
IP: 127.0.0.1
Resultado: BLOQUEADO
Motivo: Honeypot detectó posible bot
------------------------------------------
[2026-07-02 06:09:08]
IP: 127.0.0.1
Resultado: BLOQUEADO
Motivo: Honeypot detectó posible bot
------------------------------------------
[2026-07-02 06:09:08]
IP: 127.0.0.1
Resultado: BLOQUEADO
Motivo: Honeypot detectó posible bot
------------------------------------------
[2026-07-02 06:09:08]
IP: 127.0.0.1
Resultado: BLOQUEADO
Motivo: Honeypot detectó posible bot
------------------------------------------
[2026-07-02 06:09:08]
IP: 127.0.0.1
Resultado: BLOQUEADO
Motivo: Honeypot detectó posible bot
------------------------------------------
[2026-07-02 06:09:08]
IP: 127.0.0.1
Resultado: BLOQUEADO
Motivo: Honeypot detectó posible bot
------------------------------------------
[2026-07-02 06:09:08]
IP: 127.0.0.1
Resultado: BLOQUEADO
Motivo: Honeypot detectó posible bot
------------------------------------------
[2026-07-02 06:09:08]
IP: 127.0.0.1
Resultado: BLOQUEADO
Motivo: Honeypot detectó posible bot
------------------------------------------
[2026-07-02 06:09:08]
IP: 127.0.0.1
Resultado: BLOQUEADO
Motivo: Honeypot detectó posible bot
------------------------------------------
[2026-07-02 06:09:08]
IP: 127.0.0.1
Resultado: BLOQUEADO
Motivo: Honeypot detectó posible bot
------------------------------------------
[2026-07-02 06:09:08]
IP: 127.0.0.1
Resultado: BLOQUEADO
Motivo: Honeypot detectó posible bot
------------------------------------------
[2026-07-02 06:09:08]
IP: 127.0.0.1
Resultado: BLOQUEADO
Motivo: Honeypot detectó posible bot
------------------------------------------
[2026-07-02 06:09:08]
IP: 127.0.0.1
Resultado: BLOQUEADO
Motivo: Honeypot detectó posible bot
------------------------------------------
[2026-07-02 06:09:08]
IP: 127.0.0.1
Resultado: BLOQUEADO
Motivo: Honeypot detectó posible bot
------------------------------------------
[2026-07-02 06:09:08]
IP: 127.0.0.1
Resultado: BLOQUEADO
Motivo: Honeypot detectó posible bot
------------------------------------------
[2026-07-02 06:09:08]
IP: 127.0.0.1
Resultado: BLOQUEADO
Motivo: Honeypot detectó posible bot
------------------------------------------
[2026-07-02 06:09:08]
IP: 127.0.0.1
Resultado: BLOQUEADO
Motivo: Honeypot detectó posible bot
------------------------------------------
[2026-07-02 06:09:08]
IP: 127.0.0.1
Resultado: BLOQUEADO
Motivo: Honeypot detectó posible bot
------------------------------------------
[2026-07-02 06:09:08]
IP: 127.0.0.1
Resultado: BLOQUEADO
Motivo: Honeypot detectó posible bot
------------------------------------------
[2026-07-02 06:09:08]
IP: 127.0.0.1
Resultado: BLOQUEADO
Motivo: Honeypot detectó posible bot
------------------------------------------
[2026-07-02 06:09:08]
IP: 127.0.0.1
Resultado: BLOQUEADO
Motivo: Honeypot detectó posible bot
------------------------------------------
[2026-07-02 06:09:08]
IP: 127.0.0.1
Resultado: BLOQUEADO
Motivo: Honeypot detectó posible bot
------------------------------------------
[2026-07-02 06:09:08]
IP: 127.0.0.1
Resultado: BLOQUEADO
Motivo: Honeypot detectó posible bot
------------------------------------------
[2026-07-02 06:09:08]
IP: 127.0.0.1
Resultado: BLOQUEADO
Motivo: Honeypot detectó posible bot
------------------------------------------
[2026-07-02 06:09:08]
IP: 127.0.0.1
Resultado: BLOQUEADO
Motivo: Honeypot detectó posible bot
------------------------------------------
[2026-07-02 06:09:08]
IP: 127.0.0.1
Resultado: BLOQUEADO
Motivo: Honeypot detectó posible bot
------------------------------------------
[2026-07-02 06:09:08]
IP: 127.0.0.1
Resultado: BLOQUEADO
Motivo: Honeypot detectó posible bot
------------------------------------------
[2026-07-02 06:09:08]
IP: 127.0.0.1
Resultado: BLOQUEADO
Motivo: Honeypot detectó posible bot
------------------------------------------
[2026-07-02 06:09:08]
IP: 127.0.0.1
Resultado: BLOQUEADO
Motivo: Honeypot detectó posible bot
------------------------------------------
[2026-07-02 06:09:08]
IP: 127.0.0.1
Resultado: BLOQUEADO
Motivo: Honeypot detectó posible bot
------------------------------------------
[2026-07-02 06:09:08]
IP: 127.0.0.1
Resultado: BLOQUEADO
Motivo: Honeypot detectó posible bot
------------------------------------------
[2026-07-02 06:09:08]
IP: 127.0.0.1
Resultado: BLOQUEADO
Motivo: Honeypot detectó posible bot
------------------------------------------
[2026-07-02 06:09:08]
IP: 127.0.0.1
Resultado: BLOQUEADO
Motivo: Honeypot detectó posible bot
------------------------------------------
[2026-07-02 06:09:08]
IP: 127.0.0.1
Resultado: BLOQUEADO
Motivo: Honeypot detectó posible bot
------------------------------------------
[2026-07-02 06:09:08]
IP: 127.0.0.1
Resultado: BLOQUEADO
Motivo: Honeypot detectó posible bot
------------------------------------------
[2026-07-02 06:09:08]
IP: 127.0.0.1
Resultado: BLOQUEADO
Motivo: Honeypot detectó posible bot
------------------------------------------
[2026-07-02 06:09:08]
IP: 127.0.0.1
Resultado: BLOQUEADO
Motivo: Honeypot detectó posible bot
------------------------------------------
[2026-07-02 06:09:08]
IP: 127.0.0.1
Resultado: BLOQUEADO
Motivo: Honeypot detectó posible bot
------------------------------------------
[2026-07-02 06:09:08]
IP: 127.0.0.1
Resultado: BLOQUEADO
Motivo: Honeypot detectó posible bot
------------------------------------------
[2026-07-02 06:09:08]
IP: 127.0.0.1
Resultado: BLOQUEADO
Motivo: Honeypot detectó posible bot
------------------------------------------
[2026-07-02 06:09:08]
IP: 127.0.0.1
Resultado: BLOQUEADO
Motivo: Honeypot detectó posible bot
------------------------------------------
[2026-07-02 06:09:08]
IP: 127.0.0.1
Resultado: BLOQUEADO
Motivo: Honeypot detectó posible bot
------------------------------------------
[2026-07-02 06:09:08]
IP: 127.0.0.1
Resultado: BLOQUEADO
Motivo: Honeypot detectó posible bot
------------------------------------------
[2026-07-02 06:09:08]
IP: 127.0.0.1
Resultado: BLOQUEADO
Motivo: Honeypot detectó posible bot
------------------------------------------
[2026-07-02 06:09:08]
IP: 127.0.0.1
Resultado: BLOQUEADO
Motivo: Honeypot detectó posible bot
------------------------------------------
[2026-07-02 06:09:08]
IP: 127.0.0.1
Resultado: BLOQUEADO
Motivo: Honeypot detectó posible bot
------------------------------------------
[2026-07-02 06:09:08]
IP: 127.0.0.1
Resultado: BLOQUEADO
Motivo: Honeypot detectó posible bot
------------------------------------------
[2026-07-02 06:09:08]
IP: 127.0.0.1
Resultado: BLOQUEADO
Motivo: Honeypot detectó posible bot
------------------------------------------
[2026-07-02 06:09:08]
IP: 127.0.0.1
Resultado: BLOQUEADO
Motivo: Honeypot detectó posible bot
------------------------------------------
[2026-07-02 06:09:08]
IP: 127.0.0.1
Resultado: BLOQUEADO
Motivo: Honeypot detectó posible bot
------------------------------------------
[2026-07-02 06:09:08]
IP: 127.0.0.1
Resultado: BLOQUEADO
Motivo: Honeypot detectó posible bot
------------------------------------------
[2026-07-02 06:09:08]
IP: 127.0.0.1
Resultado: BLOQUEADO
Motivo: Honeypot detectó posible bot
------------------------------------------
[2026-07-02 06:09:08]
IP: 127.0.0.1
Resultado: BLOQUEADO
Motivo: Honeypot detectó posible bot
------------------------------------------
[2026-07-02 06:09:08]
IP: 127.0.0.1
Resultado: BLOQUEADO
Motivo: Honeypot detectó posible bot
------------------------------------------
[2026-07-02 06:09:08]
IP: 127.0.0.1
Resultado: BLOQUEADO
Motivo: Honeypot detectó posible bot
------------------------------------------
[2026-07-02 06:09:08]
IP: 127.0.0.1
Resultado: BLOQUEADO
Motivo: Honeypot detectó posible bot
------------------------------------------
[2026-07-02 06:09:08]
IP: 127.0.0.1
Resultado: BLOQUEADO
Motivo: Honeypot detectó posible bot
------------------------------------------
[2026-07-02 06:09:08]
IP: 127.0.0.1
Resultado: BLOQUEADO
Motivo: Honeypot detectó posible bot
------------------------------------------
[2026-07-02 06:09:08]
IP: 127.0.0.1
Resultado: BLOQUEADO
Motivo: Honeypot detectó posible bot
------------------------------------------
[2026-07-02 06:09:08]
IP: 127.0.0.1
Resultado: BLOQUEADO
Motivo: Honeypot detectó posible bot
------------------------------------------
[2026-07-02 06:09:08]
IP: 127.0.0.1
Resultado: BLOQUEADO
Motivo: Honeypot detectó posible bot
------------------------------------------
[2026-07-02 06:09:08]
IP: 127.0.0.1
Resultado: BLOQUEADO
Motivo: Honeypot detectó posible bot
------------------------------------------
[2026-07-02 06:09:08]
IP: 127.0.0.1
Resultado: BLOQUEADO
Motivo: Honeypot detectó posible bot
------------------------------------------
[2026-07-02 06:09:08]
IP: 127.0.0.1
Resultado: BLOQUEADO
Motivo: Honeypot detectó posible bot
------------------------------------------
[2026-07-02 06:09:08]
IP: 127.0.0.1
Resultado: BLOQUEADO
Motivo: Honeypot detectó posible bot
------------------------------------------
[2026-07-02 06:09:08]
IP: 127.0.0.1
Resultado: BLOQUEADO
Motivo: Honeypot detectó posible bot
------------------------------------------
[2026-07-02 06:09:09]
IP: 127.0.0.1
Resultado: BLOQUEADO
Motivo: Honeypot detectó posible bot
------------------------------------------
[2026-07-02 06:09:09]
IP: 127.0.0.1
Resultado: BLOQUEADO
Motivo: Honeypot detectó posible bot
------------------------------------------
[2026-07-02 06:09:09]
IP: 127.0.0.1
Resultado: BLOQUEADO
Motivo: Honeypot detectó posible bot
------------------------------------------
[2026-07-02 06:09:09]
IP: 127.0.0.1
Resultado: BLOQUEADO
Motivo: Honeypot detectó posible bot
------------------------------------------
[2026-07-02 06:09:09]
IP: 127.0.0.1
Resultado: BLOQUEADO
Motivo: Honeypot detectó posible bot
------------------------------------------
[2026-07-02 06:09:09]
IP: 127.0.0.1
Resultado: BLOQUEADO
Motivo: Honeypot detectó posible bot
------------------------------------------
[2026-07-02 06:09:09]
IP: 127.0.0.1
Resultado: BLOQUEADO
Motivo: Honeypot detectó posible bot
------------------------------------------
[2026-07-02 06:09:09]
IP: 127.0.0.1
Resultado: BLOQUEADO
Motivo: Honeypot detectó posible bot
------------------------------------------
[2026-07-02 06:09:09]
IP: 127.0.0.1
Resultado: BLOQUEADO
Motivo: Honeypot detectó posible bot
------------------------------------------
[2026-07-02 06:09:09]
IP: 127.0.0.1
Resultado: BLOQUEADO
Motivo: Honeypot detectó posible bot
------------------------------------------
[2026-07-02 06:09:09]
IP: 127.0.0.1
Resultado: BLOQUEADO
Motivo: Honeypot detectó posible bot
------------------------------------------
[2026-07-02 06:09:09]
IP: 127.0.0.1
Resultado: BLOQUEADO
Motivo: Honeypot detectó posible bot
------------------------------------------
[2026-07-02 06:09:09]
IP: 127.0.0.1
Resultado: BLOQUEADO
Motivo: Honeypot detectó posible bot
------------------------------------------
[2026-07-02 06:09:09]
IP: 127.0.0.1
Resultado: BLOQUEADO
Motivo: Honeypot detectó posible bot
------------------------------------------
[2026-07-02 06:09:09]
IP: 127.0.0.1
Resultado: BLOQUEADO
Motivo: Honeypot detectó posible bot
------------------------------------------
[2026-07-02 06:09:09]
IP: 127.0.0.1
Resultado: BLOQUEADO
Motivo: Honeypot detectó posible bot
------------------------------------------
[2026-07-02 06:09:09]
IP: 127.0.0.1
Resultado: BLOQUEADO
Motivo: Honeypot detectó posible bot
------------------------------------------
[2026-07-02 06:09:09]
IP: 127.0.0.1
Resultado: BLOQUEADO
Motivo: Honeypot detectó posible bot
------------------------------------------
[2026-07-02 06:09:09]
IP: 127.0.0.1
Resultado: BLOQUEADO
Motivo: Honeypot detectó posible bot
------------------------------------------
[2026-07-02 06:09:09]
IP: 127.0.0.1
Resultado: BLOQUEADO
Motivo: Honeypot detectó posible bot
------------------------------------------
[2026-07-02 06:09:09]
IP: 127.0.0.1
Resultado: BLOQUEADO
Motivo: Honeypot detectó posible bot
------------------------------------------
[2026-07-02 06:09:09]
IP: 127.0.0.1
Resultado: BLOQUEADO
Motivo: Honeypot detectó posible bot
------------------------------------------
[2026-07-02 06:09:09]
IP: 127.0.0.1
Resultado: BLOQUEADO
Motivo: Honeypot detectó posible bot
------------------------------------------
[2026-07-02 06:09:09]
IP: 127.0.0.1
Resultado: BLOQUEADO
Motivo: Honeypot detectó posible bot
------------------------------------------
[2026-07-02 06:09:09]
IP: 127.0.0.1
Resultado: BLOQUEADO
Motivo: Honeypot detectó posible bot
------------------------------------------
[2026-07-02 06:09:09]
IP: 127.0.0.1
Resultado: BLOQUEADO
Motivo: Honeypot detectó posible bot
------------------------------------------
[2026-07-02 06:09:09]
IP: 127.0.0.1
Resultado: BLOQUEADO
Motivo: Honeypot detectó posible bot
------------------------------------------
[2026-07-02 06:09:09]
IP: 127.0.0.1
Resultado: BLOQUEADO
Motivo: Honeypot detectó posible bot
------------------------------------------
[2026-07-02 06:09:09]
IP: 127.0.0.1
Resultado: BLOQUEADO
Motivo: Honeypot detectó posible bot
------------------------------------------
[2026-07-02 06:09:09]
IP: 127.0.0.1
Resultado: BLOQUEADO
Motivo: Honeypot detectó posible bot
------------------------------------------
[2026-07-02 06:09:09]
IP: 127.0.0.1
Resultado: BLOQUEADO
Motivo: Honeypot detectó posible bot
------------------------------------------
[2026-07-02 06:09:09]
IP: 127.0.0.1
Resultado: BLOQUEADO
Motivo: Honeypot detectó posible bot
------------------------------------------
[2026-07-02 06:09:09]
IP: 127.0.0.1
Resultado: BLOQUEADO
Motivo: Honeypot detectó posible bot
------------------------------------------
[2026-07-02 06:09:09]
IP: 127.0.0.1
Resultado: BLOQUEADO
Motivo: Honeypot detectó posible bot
------------------------------------------
[2026-07-02 06:09:09]
IP: 127.0.0.1
Resultado: BLOQUEADO
Motivo: Honeypot detectó posible bot
------------------------------------------
[2026-07-02 06:09:09]
IP: 127.0.0.1
Resultado: BLOQUEADO
Motivo: Honeypot detectó posible bot
------------------------------------------
[2026-07-02 06:09:09]
IP: 127.0.0.1
Resultado: BLOQUEADO
Motivo: Honeypot detectó posible bot
------------------------------------------
[2026-07-02 06:09:09]
IP: 127.0.0.1
Resultado: BLOQUEADO
Motivo: Honeypot detectó posible bot
------------------------------------------
[2026-07-02 06:09:09]
IP: 127.0.0.1
Resultado: BLOQUEADO
Motivo: Honeypot detectó posible bot
------------------------------------------
[2026-07-02 06:09:09]
IP: 127.0.0.1
Resultado: BLOQUEADO
Motivo: Honeypot detectó posible bot
------------------------------------------
[2026-07-02 06:09:09]
IP: 127.0.0.1
Resultado: BLOQUEADO
Motivo: Honeypot detectó posible bot
------------------------------------------
[2026-07-02 06:09:09]
IP: 127.0.0.1
Resultado: BLOQUEADO
Motivo: Honeypot detectó posible bot
------------------------------------------
[2026-07-02 06:09:09]
IP: 127.0.0.1
Resultado: BLOQUEADO
Motivo: Honeypot detectó posible bot
------------------------------------------
[2026-07-02 06:09:09]
IP: 127.0.0.1
Resultado: BLOQUEADO
Motivo: Honeypot detectó posible bot
------------------------------------------
[2026-07-02 06:09:09]
IP: 127.0.0.1
Resultado: BLOQUEADO
Motivo: Honeypot detectó posible bot
------------------------------------------
[2026-07-02 06:09:09]
IP: 127.0.0.1
Resultado: BLOQUEADO
Motivo: Honeypot detectó posible bot
------------------------------------------
[2026-07-02 06:09:09]
IP: 127.0.0.1
Resultado: BLOQUEADO
Motivo: Honeypot detectó posible bot
------------------------------------------
[2026-07-02 06:09:09]
IP: 127.0.0.1
Resultado: BLOQUEADO
Motivo: Honeypot detectó posible bot
------------------------------------------
[2026-07-02 06:09:09]
IP: 127.0.0.1
Resultado: BLOQUEADO
Motivo: Honeypot detectó posible bot
------------------------------------------
[2026-07-02 06:09:09]
IP: 127.0.0.1
Resultado: BLOQUEADO
Motivo: Honeypot detectó posible bot
------------------------------------------
[2026-07-02 06:09:09]
IP: 127.0.0.1
Resultado: BLOQUEADO
Motivo: Honeypot detectó posible bot
------------------------------------------
[2026-07-02 06:09:09]
IP: 127.0.0.1
Resultado: BLOQUEADO
Motivo: Honeypot detectó posible bot
------------------------------------------
[2026-07-02 06:09:09]
IP: 127.0.0.1
Resultado: BLOQUEADO
Motivo: Honeypot detectó posible bot
------------------------------------------
[2026-07-02 06:09:09]
IP: 127.0.0.1
Resultado: BLOQUEADO
Motivo: Honeypot detectó posible bot
------------------------------------------
[2026-07-02 06:09:09]
IP: 127.0.0.1
Resultado: BLOQUEADO
Motivo: Honeypot detectó posible bot
------------------------------------------
[2026-07-02 06:09:09]
IP: 127.0.0.1
Resultado: BLOQUEADO
Motivo: Honeypot detectó posible bot
------------------------------------------
[2026-07-02 06:09:09]
IP: 127.0.0.1
Resultado: BLOQUEADO
Motivo: Honeypot detectó posible bot
------------------------------------------
[2026-07-02 06:09:09]
IP: 127.0.0.1
Resultado: BLOQUEADO
Motivo: Honeypot detectó posible bot
------------------------------------------
[2026-07-02 06:09:09]
IP: 127.0.0.1
Resultado: BLOQUEADO
Motivo: Honeypot detectó posible bot
------------------------------------------
[2026-07-02 06:09:09]
IP: 127.0.0.1
Resultado: BLOQUEADO
Motivo: Honeypot detectó posible bot
------------------------------------------
[2026-07-02 06:09:09]
IP: 127.0.0.1
Resultado: BLOQUEADO
Motivo: Honeypot detectó posible bot
------------------------------------------
[2026-07-02 06:09:09]
IP: 127.0.0.1
Resultado: BLOQUEADO
Motivo: Honeypot detectó posible bot
------------------------------------------
[2026-07-02 06:09:09]
IP: 127.0.0.1
Resultado: BLOQUEADO
Motivo: Honeypot detectó posible bot
------------------------------------------
[2026-07-02 06:09:09]
IP: 127.0.0.1
Resultado: BLOQUEADO
Motivo: Honeypot detectó posible bot
------------------------------------------
[2026-07-02 06:09:09]
IP: 127.0.0.1
Resultado: BLOQUEADO
Motivo: Honeypot detectó posible bot
------------------------------------------
[2026-07-02 06:09:09]
IP: 127.0.0.1
Resultado: BLOQUEADO
Motivo: Honeypot detectó posible bot
------------------------------------------
[2026-07-02 06:09:09]
IP: 127.0.0.1
Resultado: BLOQUEADO
Motivo: Honeypot detectó posible bot
------------------------------------------
[2026-07-02 06:09:09]
IP: 127.0.0.1
Resultado: BLOQUEADO
Motivo: Honeypot detectó posible bot
------------------------------------------
[2026-07-02 06:09:09]
IP: 127.0.0.1
Resultado: BLOQUEADO
Motivo: Honeypot detectó posible bot
------------------------------------------
[2026-07-02 06:09:09]
IP: 127.0.0.1
Resultado: BLOQUEADO
Motivo: Honeypot detectó posible bot
------------------------------------------
[2026-07-02 06:09:09]
IP: 127.0.0.1
Resultado: BLOQUEADO
Motivo: Honeypot detectó posible bot
------------------------------------------
[2026-07-02 06:09:09]
IP: 127.0.0.1
Resultado: BLOQUEADO
Motivo: Honeypot detectó posible bot
------------------------------------------
[2026-07-02 06:09:09]
IP: 127.0.0.1
Resultado: BLOQUEADO
Motivo: Honeypot detectó posible bot
------------------------------------------
[2026-07-02 06:09:09]
IP: 127.0.0.1
Resultado: BLOQUEADO
Motivo: Honeypot detectó posible bot
------------------------------------------
[2026-07-02 06:09:09]
IP: 127.0.0.1
Resultado: BLOQUEADO
Motivo: Honeypot detectó posible bot
------------------------------------------
[2026-07-02 06:09:09]
IP: 127.0.0.1
Resultado: BLOQUEADO
Motivo: Honeypot detectó posible bot
------------------------------------------
[2026-07-02 06:09:09]
IP: 127.0.0.1
Resultado: BLOQUEADO
Motivo: Honeypot detectó posible bot
------------------------------------------
[2026-07-02 06:09:09]
IP: 127.0.0.1
Resultado: BLOQUEADO
Motivo: Honeypot detectó posible bot
------------------------------------------
[2026-07-02 06:09:09]
IP: 127.0.0.1
Resultado: BLOQUEADO
Motivo: Honeypot detectó posible bot
------------------------------------------
[2026-07-02 06:09:09]
IP: 127.0.0.1
Resultado: BLOQUEADO
Motivo: Honeypot detectó posible bot
------------------------------------------
[2026-07-02 06:09:09]
IP: 127.0.0.1
Resultado: BLOQUEADO
Motivo: Honeypot detectó posible bot
------------------------------------------
[2026-07-02 06:09:09]
IP: 127.0.0.1
Resultado: BLOQUEADO
Motivo: Honeypot detectó posible bot
------------------------------------------
[2026-07-02 06:09:09]
IP: 127.0.0.1
Resultado: BLOQUEADO
Motivo: Honeypot detectó posible bot
------------------------------------------
[2026-07-02 06:09:09]
IP: 127.0.0.1
Resultado: BLOQUEADO
Motivo: Honeypot detectó posible bot
------------------------------------------
[2026-07-02 06:09:09]
IP: 127.0.0.1
Resultado: BLOQUEADO
Motivo: Honeypot detectó posible bot
------------------------------------------
[2026-07-02 06:09:09]
IP: 127.0.0.1
Resultado: BLOQUEADO
Motivo: Honeypot detectó posible bot
------------------------------------------
[2026-07-02 06:09:09]
IP: 127.0.0.1
Resultado: BLOQUEADO
Motivo: Honeypot detectó posible bot
------------------------------------------
[2026-07-02 06:09:09]
IP: 127.0.0.1
Resultado: BLOQUEADO
Motivo: Honeypot detectó posible bot
------------------------------------------
[2026-07-02 06:09:09]
IP: 127.0.0.1
Resultado: BLOQUEADO
Motivo: Honeypot detectó posible bot
------------------------------------------
[2026-07-02 06:09:09]
IP: 127.0.0.1
Resultado: BLOQUEADO
Motivo: Honeypot detectó posible bot
------------------------------------------
[2026-07-02 06:09:09]
IP: 127.0.0.1
Resultado: BLOQUEADO
Motivo: Honeypot detectó posible bot
------------------------------------------
[2026-07-02 06:09:09]
IP: 127.0.0.1
Resultado: BLOQUEADO
Motivo: Honeypot detectó posible bot
------------------------------------------
[2026-07-02 06:09:09]
IP: 127.0.0.1
Resultado: BLOQUEADO
Motivo: Honeypot detectó posible bot
------------------------------------------
[2026-07-02 06:09:09]
IP: 127.0.0.1
Resultado: BLOQUEADO
Motivo: Honeypot detectó posible bot
------------------------------------------
[2026-07-02 06:09:09]
IP: 127.0.0.1
Resultado: BLOQUEADO
Motivo: Honeypot detectó posible bot
------------------------------------------
[2026-07-02 06:09:09]
IP: 127.0.0.1
Resultado: BLOQUEADO
Motivo: Honeypot detectó posible bot
------------------------------------------
[2026-07-02 06:09:09]
IP: 127.0.0.1
Resultado: BLOQUEADO
Motivo: Honeypot detectó posible bot
------------------------------------------
[2026-07-02 06:09:09]
IP: 127.0.0.1
Resultado: BLOQUEADO
Motivo: Honeypot detectó posible bot
------------------------------------------
[2026-07-02 06:09:09]
IP: 127.0.0.1
Resultado: BLOQUEADO
Motivo: Honeypot detectó posible bot
------------------------------------------
[2026-07-02 06:09:09]
IP: 127.0.0.1
Resultado: BLOQUEADO
Motivo: Honeypot detectó posible bot
------------------------------------------
[2026-07-02 06:09:09]
IP: 127.0.0.1
Resultado: BLOQUEADO
Motivo: Honeypot detectó posible bot
------------------------------------------
[2026-07-02 06:09:09]
IP: 127.0.0.1
Resultado: BLOQUEADO
Motivo: Honeypot detectó posible bot
------------------------------------------
[2026-07-02 06:09:09]
IP: 127.0.0.1
Resultado: BLOQUEADO
Motivo: Honeypot detectó posible bot
------------------------------------------
[2026-07-02 06:09:09]
IP: 127.0.0.1
Resultado: BLOQUEADO
Motivo: Honeypot detectó posible bot
------------------------------------------
[2026-07-02 06:09:09]
IP: 127.0.0.1
Resultado: BLOQUEADO
Motivo: Honeypot detectó posible bot
------------------------------------------
[2026-07-02 06:09:09]
IP: 127.0.0.1
Resultado: BLOQUEADO
Motivo: Honeypot detectó posible bot
------------------------------------------
[2026-07-02 06:09:09]
IP: 127.0.0.1
Resultado: BLOQUEADO
Motivo: Honeypot detectó posible bot
------------------------------------------
[2026-07-02 06:09:09]
IP: 127.0.0.1
Resultado: BLOQUEADO
Motivo: Honeypot detectó posible bot
------------------------------------------
[2026-07-02 06:09:09]
IP: 127.0.0.1
Resultado: BLOQUEADO
Motivo: Honeypot detectó posible bot
------------------------------------------
[2026-07-02 06:09:09]
IP: 127.0.0.1
Resultado: BLOQUEADO
Motivo: Honeypot detectó posible bot
------------------------------------------
[2026-07-02 06:09:09]
IP: 127.0.0.1
Resultado: BLOQUEADO
Motivo: Honeypot detectó posible bot
------------------------------------------
[2026-07-02 06:09:09]
IP: 127.0.0.1
Resultado: BLOQUEADO
Motivo: Honeypot detectó posible bot
------------------------------------------
[2026-07-02 06:09:09]
IP: 127.0.0.1
Resultado: BLOQUEADO
Motivo: Honeypot detectó posible bot
------------------------------------------
[2026-07-02 06:09:09]
IP: 127.0.0.1
Resultado: BLOQUEADO
Motivo: Honeypot detectó posible bot
------------------------------------------
[2026-07-02 06:09:09]
IP: 127.0.0.1
Resultado: BLOQUEADO
Motivo: Honeypot detectó posible bot
------------------------------------------
[2026-07-02 06:09:09]
IP: 127.0.0.1
Resultado: BLOQUEADO
Motivo: Honeypot detectó posible bot
------------------------------------------
[2026-07-02 06:09:09]
IP: 127.0.0.1
Resultado: BLOQUEADO
Motivo: Honeypot detectó posible bot
------------------------------------------
[2026-07-02 06:09:09]
IP: 127.0.0.1
Resultado: BLOQUEADO
Motivo: Honeypot detectó posible bot
------------------------------------------
[2026-07-02 06:09:09]
IP: 127.0.0.1
Resultado: BLOQUEADO
Motivo: Honeypot detectó posible bot
------------------------------------------
[2026-07-02 06:09:09]
IP: 127.0.0.1
Resultado: BLOQUEADO
Motivo: Honeypot detectó posible bot
------------------------------------------
[2026-07-02 06:09:09]
IP: 127.0.0.1
Resultado: BLOQUEADO
Motivo: Honeypot detectó posible bot
------------------------------------------
[2026-07-02 06:09:09]
IP: 127.0.0.1
Resultado: BLOQUEADO
Motivo: Honeypot detectó posible bot
------------------------------------------
[2026-07-02 06:09:09]
IP: 127.0.0.1
Resultado: BLOQUEADO
Motivo: Honeypot detectó posible bot
------------------------------------------
[2026-07-02 06:09:09]
IP: 127.0.0.1
Resultado: BLOQUEADO
Motivo: Honeypot detectó posible bot
------------------------------------------
[2026-07-02 06:09:09]
IP: 127.0.0.1
Resultado: BLOQUEADO
Motivo: Honeypot detectó posible bot
------------------------------------------
[2026-07-02 06:09:09]
IP: 127.0.0.1
Resultado: BLOQUEADO
Motivo: Honeypot detectó posible bot
------------------------------------------
[2026-07-02 06:09:09]
IP: 127.0.0.1
Resultado: BLOQUEADO
Motivo: Honeypot detectó posible bot
------------------------------------------
[2026-07-02 06:09:09]
IP: 127.0.0.1
Resultado: BLOQUEADO
Motivo: Honeypot detectó posible bot
------------------------------------------
[2026-07-02 06:09:09]
IP: 127.0.0.1
Resultado: BLOQUEADO
Motivo: Honeypot detectó posible bot
------------------------------------------
[2026-07-02 06:09:10]
IP: 127.0.0.1
Resultado: BLOQUEADO
Motivo: Honeypot detectó posible bot
------------------------------------------
[2026-07-02 06:09:10]
IP: 127.0.0.1
Resultado: BLOQUEADO
Motivo: Honeypot detectó posible bot
------------------------------------------
[2026-07-02 06:09:10]
IP: 127.0.0.1
Resultado: BLOQUEADO
Motivo: Honeypot detectó posible bot
------------------------------------------
[2026-07-02 06:09:10]
IP: 127.0.0.1
Resultado: BLOQUEADO
Motivo: Honeypot detectó posible bot
------------------------------------------
[2026-07-02 06:09:10]
IP: 127.0.0.1
Resultado: BLOQUEADO
Motivo: Honeypot detectó posible bot
------------------------------------------
[2026-07-02 06:09:10]
IP: 127.0.0.1
Resultado: BLOQUEADO
Motivo: Honeypot detectó posible bot
------------------------------------------
[2026-07-02 06:09:10]
IP: 127.0.0.1
Resultado: BLOQUEADO
Motivo: Honeypot detectó posible bot
------------------------------------------
[2026-07-02 06:09:10]
IP: 127.0.0.1
Resultado: BLOQUEADO
Motivo: Honeypot detectó posible bot
------------------------------------------
[2026-07-02 06:09:10]
IP: 127.0.0.1
Resultado: BLOQUEADO
Motivo: Honeypot detectó posible bot
------------------------------------------
[2026-07-02 06:09:10]
IP: 127.0.0.1
Resultado: BLOQUEADO
Motivo: Honeypot detectó posible bot
------------------------------------------
[2026-07-02 06:09:10]
IP: 127.0.0.1
Resultado: BLOQUEADO
Motivo: Honeypot detectó posible bot
------------------------------------------
[2026-07-02 06:09:10]
IP: 127.0.0.1
Resultado: BLOQUEADO
Motivo: Honeypot detectó posible bot
------------------------------------------
[2026-07-02 06:09:10]
IP: 127.0.0.1
Resultado: BLOQUEADO
Motivo: Honeypot detectó posible bot
------------------------------------------
[2026-07-02 06:09:10]
IP: 127.0.0.1
Resultado: BLOQUEADO
Motivo: Honeypot detectó posible bot
------------------------------------------
[2026-07-02 06:09:10]
IP: 127.0.0.1
Resultado: BLOQUEADO
Motivo: Honeypot detectó posible bot
------------------------------------------
[2026-07-02 06:09:10]
IP: 127.0.0.1
Resultado: BLOQUEADO
Motivo: Honeypot detectó posible bot
------------------------------------------
[2026-07-02 06:09:10]
IP: 127.0.0.1
Resultado: BLOQUEADO
Motivo: Honeypot detectó posible bot
------------------------------------------
[2026-07-02 06:09:10]
IP: 127.0.0.1
Resultado: BLOQUEADO
Motivo: Honeypot detectó posible bot
------------------------------------------
[2026-07-02 06:09:10]
IP: 127.0.0.1
Resultado: BLOQUEADO
Motivo: Honeypot detectó posible bot
------------------------------------------
[2026-07-02 06:09:10]
IP: 127.0.0.1
Resultado: BLOQUEADO
Motivo: Honeypot detectó posible bot
------------------------------------------
[2026-07-02 06:09:10]
IP: 127.0.0.1
Resultado: BLOQUEADO
Motivo: Honeypot detectó posible bot
------------------------------------------
[2026-07-02 06:09:10]
IP: 127.0.0.1
Resultado: BLOQUEADO
Motivo: Honeypot detectó posible bot
------------------------------------------
[2026-07-02 06:09:10]
IP: 127.0.0.1
Resultado: BLOQUEADO
Motivo: Honeypot detectó posible bot
------------------------------------------
[2026-07-02 06:09:10]
IP: 127.0.0.1
Resultado: BLOQUEADO
Motivo: Honeypot detectó posible bot
------------------------------------------
[2026-07-02 06:09:10]
IP: 127.0.0.1
Resultado: BLOQUEADO
Motivo: Honeypot detectó posible bot
------------------------------------------
[2026-07-02 06:09:10]
IP: 127.0.0.1
Resultado: BLOQUEADO
Motivo: Honeypot detectó posible bot
------------------------------------------
[2026-07-02 06:09:10]
IP: 127.0.0.1
Resultado: BLOQUEADO
Motivo: Honeypot detectó posible bot
------------------------------------------
[2026-07-02 06:09:10]
IP: 127.0.0.1
Resultado: BLOQUEADO
Motivo: Honeypot detectó posible bot
------------------------------------------
[2026-07-02 06:09:10]
IP: 127.0.0.1
Resultado: BLOQUEADO
Motivo: Honeypot detectó posible bot
------------------------------------------
[2026-07-02 06:09:10]
IP: 127.0.0.1
Resultado: BLOQUEADO
Motivo: Honeypot detectó posible bot
------------------------------------------
[2026-07-02 06:09:10]
IP: 127.0.0.1
Resultado: BLOQUEADO
Motivo: Honeypot detectó posible bot
------------------------------------------
[2026-07-02 06:09:10]
IP: 127.0.0.1
Resultado: BLOQUEADO
Motivo: Honeypot detectó posible bot
------------------------------------------
[2026-07-02 06:09:10]
IP: 127.0.0.1
Resultado: BLOQUEADO
Motivo: Honeypot detectó posible bot
------------------------------------------
[2026-07-02 06:09:10]
IP: 127.0.0.1
Resultado: BLOQUEADO
Motivo: Honeypot detectó posible bot
------------------------------------------
[2026-07-02 06:09:10]
IP: 127.0.0.1
Resultado: BLOQUEADO
Motivo: Honeypot detectó posible bot
------------------------------------------
[2026-07-02 06:09:10]
IP: 127.0.0.1
Resultado: BLOQUEADO
Motivo: Honeypot detectó posible bot
------------------------------------------
[2026-07-02 06:09:10]
IP: 127.0.0.1
Resultado: BLOQUEADO
Motivo: Honeypot detectó posible bot
------------------------------------------
[2026-07-02 06:09:10]
IP: 127.0.0.1
Resultado: BLOQUEADO
Motivo: Honeypot detectó posible bot
------------------------------------------
[2026-07-02 06:09:10]
IP: 127.0.0.1
Resultado: BLOQUEADO
Motivo: Honeypot detectó posible bot
------------------------------------------
[2026-07-02 06:09:10]
IP: 127.0.0.1
Resultado: BLOQUEADO
Motivo: Honeypot detectó posible bot
------------------------------------------
[2026-07-02 06:09:10]
IP: 127.0.0.1
Resultado: BLOQUEADO
Motivo: Honeypot detectó posible bot
------------------------------------------
[2026-07-02 06:09:10]
IP: 127.0.0.1
Resultado: BLOQUEADO
Motivo: Honeypot detectó posible bot
------------------------------------------
[2026-07-02 06:09:10]
IP: 127.0.0.1
Resultado: BLOQUEADO
Motivo: Honeypot detectó posible bot
------------------------------------------
[2026-07-02 06:09:10]
IP: 127.0.0.1
Resultado: BLOQUEADO
Motivo: Honeypot detectó posible bot
------------------------------------------
[2026-07-02 06:09:10]
IP: 127.0.0.1
Resultado: BLOQUEADO
Motivo: Honeypot detectó posible bot
------------------------------------------
[2026-07-02 06:09:10]
IP: 127.0.0.1
Resultado: BLOQUEADO
Motivo: Honeypot detectó posible bot
------------------------------------------
[2026-07-02 06:09:10]
IP: 127.0.0.1
Resultado: BLOQUEADO
Motivo: Honeypot detectó posible bot
------------------------------------------
[2026-07-02 06:09:10]
IP: 127.0.0.1
Resultado: BLOQUEADO
Motivo: Honeypot detectó posible bot
------------------------------------------
[2026-07-02 06:09:10]
IP: 127.0.0.1
Resultado: BLOQUEADO
Motivo: Honeypot detectó posible bot
------------------------------------------
[2026-07-02 06:09:10]
IP: 127.0.0.1
Resultado: BLOQUEADO
Motivo: Honeypot detectó posible bot
------------------------------------------
[2026-07-02 06:09:10]
IP: 127.0.0.1
Resultado: BLOQUEADO
Motivo: Honeypot detectó posible bot
------------------------------------------
[2026-07-02 06:09:10]
IP: 127.0.0.1
Resultado: BLOQUEADO
Motivo: Honeypot detectó posible bot
------------------------------------------
[2026-07-02 06:09:10]
IP: 127.0.0.1
Resultado: BLOQUEADO
Motivo: Honeypot detectó posible bot
------------------------------------------
[2026-07-02 06:09:10]
IP: 127.0.0.1
Resultado: BLOQUEADO
Motivo: Honeypot detectó posible bot
------------------------------------------
[2026-07-02 06:09:10]
IP: 127.0.0.1
Resultado: BLOQUEADO
Motivo: Honeypot detectó posible bot
------------------------------------------
[2026-07-02 06:09:10]
IP: 127.0.0.1
Resultado: BLOQUEADO
Motivo: Honeypot detectó posible bot
------------------------------------------
[2026-07-02 06:09:10]
IP: 127.0.0.1
Resultado: BLOQUEADO
Motivo: Honeypot detectó posible bot
------------------------------------------
[2026-07-02 06:09:10]
IP: 127.0.0.1
Resultado: BLOQUEADO
Motivo: Honeypot detectó posible bot
------------------------------------------
[2026-07-02 06:09:10]
IP: 127.0.0.1
Resultado: BLOQUEADO
Motivo: Honeypot detectó posible bot
------------------------------------------
[2026-07-02 06:09:10]
IP: 127.0.0.1
Resultado: BLOQUEADO
Motivo: Honeypot detectó posible bot
------------------------------------------
[2026-07-02 06:09:10]
IP: 127.0.0.1
Resultado: BLOQUEADO
Motivo: Honeypot detectó posible bot
------------------------------------------
[2026-07-02 06:09:10]
IP: 127.0.0.1
Resultado: BLOQUEADO
Motivo: Honeypot detectó posible bot
------------------------------------------
[2026-07-02 06:09:10]
IP: 127.0.0.1
Resultado: BLOQUEADO
Motivo: Honeypot detectó posible bot
------------------------------------------
[2026-07-02 06:09:10]
IP: 127.0.0.1
Resultado: BLOQUEADO
Motivo: Honeypot detectó posible bot
------------------------------------------
[2026-07-02 06:09:10]
IP: 127.0.0.1
Resultado: BLOQUEADO
Motivo: Honeypot detectó posible bot
------------------------------------------
[2026-07-02 06:09:10]
IP: 127.0.0.1
Resultado: BLOQUEADO
Motivo: Honeypot detectó posible bot
------------------------------------------
[2026-07-02 06:09:10]
IP: 127.0.0.1
Resultado: BLOQUEADO
Motivo: Honeypot detectó posible bot
------------------------------------------
[2026-07-02 06:09:10]
IP: 127.0.0.1
Resultado: BLOQUEADO
Motivo: Honeypot detectó posible bot
------------------------------------------
[2026-07-02 06:09:10]
IP: 127.0.0.1
Resultado: BLOQUEADO
Motivo: Honeypot detectó posible bot
------------------------------------------
[2026-07-02 06:09:10]
IP: 127.0.0.1
Resultado: BLOQUEADO
Motivo: Honeypot detectó posible bot
------------------------------------------
[2026-07-02 06:09:10]
IP: 127.0.0.1
Resultado: BLOQUEADO
Motivo: Honeypot detectó posible bot
------------------------------------------
[2026-07-02 06:09:10]
IP: 127.0.0.1
Resultado: BLOQUEADO
Motivo: Honeypot detectó posible bot
------------------------------------------
[2026-07-02 06:09:10]
IP: 127.0.0.1
Resultado: BLOQUEADO
Motivo: Honeypot detectó posible bot
------------------------------------------
[2026-07-02 06:09:10]
IP: 127.0.0.1
Resultado: BLOQUEADO
Motivo: Honeypot detectó posible bot
------------------------------------------
[2026-07-02 06:09:10]
IP: 127.0.0.1
Resultado: BLOQUEADO
Motivo: Honeypot detectó posible bot
------------------------------------------
[2026-07-02 06:09:10]
IP: 127.0.0.1
Resultado: BLOQUEADO
Motivo: Honeypot detectó posible bot
------------------------------------------
[2026-07-02 06:09:10]
IP: 127.0.0.1
Resultado: BLOQUEADO
Motivo: Honeypot detectó posible bot
------------------------------------------
[2026-07-02 06:09:10]
IP: 127.0.0.1
Resultado: BLOQUEADO
Motivo: Honeypot detectó posible bot
------------------------------------------
[2026-07-02 06:09:10]
IP: 127.0.0.1
Resultado: BLOQUEADO
Motivo: Honeypot detectó posible bot
------------------------------------------
[2026-07-02 06:09:10]
IP: 127.0.0.1
Resultado: BLOQUEADO
Motivo: Honeypot detectó posible bot
------------------------------------------
[2026-07-02 06:09:10]
IP: 127.0.0.1
Resultado: BLOQUEADO
Motivo: Honeypot detectó posible bot
------------------------------------------
[2026-07-02 06:09:10]
IP: 127.0.0.1
Resultado: BLOQUEADO
Motivo: Honeypot detectó posible bot
------------------------------------------
[2026-07-02 06:09:10]
IP: 127.0.0.1
Resultado: BLOQUEADO
Motivo: Honeypot detectó posible bot
------------------------------------------
[2026-07-02 06:09:10]
IP: 127.0.0.1
Resultado: BLOQUEADO
Motivo: Honeypot detectó posible bot
------------------------------------------
[2026-07-02 06:09:10]
IP: 127.0.0.1
Resultado: BLOQUEADO
Motivo: Honeypot detectó posible bot
------------------------------------------
[2026-07-02 06:09:10]
IP: 127.0.0.1
Resultado: BLOQUEADO
Motivo: Honeypot detectó posible bot
------------------------------------------
[2026-07-02 06:09:10]
IP: 127.0.0.1
Resultado: BLOQUEADO
Motivo: Honeypot detectó posible bot
------------------------------------------
[2026-07-02 06:09:10]
IP: 127.0.0.1
Resultado: BLOQUEADO
Motivo: Honeypot detectó posible bot
------------------------------------------
[2026-07-02 06:09:10]
IP: 127.0.0.1
Resultado: BLOQUEADO
Motivo: Honeypot detectó posible bot
------------------------------------------
[2026-07-02 06:09:10]
IP: 127.0.0.1
Resultado: BLOQUEADO
Motivo: Honeypot detectó posible bot
------------------------------------------
[2026-07-02 06:09:10]
IP: 127.0.0.1
Resultado: BLOQUEADO
Motivo: Honeypot detectó posible bot
------------------------------------------
[2026-07-02 06:09:10]
IP: 127.0.0.1
Resultado: BLOQUEADO
Motivo: Honeypot detectó posible bot
------------------------------------------
[2026-07-02 06:09:10]
IP: 127.0.0.1
Resultado: BLOQUEADO
Motivo: Honeypot detectó posible bot
------------------------------------------
[2026-07-02 06:09:10]
IP: 127.0.0.1
Resultado: BLOQUEADO
Motivo: Honeypot detectó posible bot
------------------------------------------
[2026-07-02 06:09:10]
IP: 127.0.0.1
Resultado: BLOQUEADO
Motivo: Honeypot detectó posible bot
------------------------------------------
[2026-07-02 06:09:10]
IP: 127.0.0.1
Resultado: BLOQUEADO
Motivo: Honeypot detectó posible bot
------------------------------------------
[2026-07-02 06:09:11]
IP: 127.0.0.1
Resultado: BLOQUEADO
Motivo: Honeypot detectó posible bot
------------------------------------------
[2026-07-02 06:09:11]
IP: 127.0.0.1
Resultado: BLOQUEADO
Motivo: Honeypot detectó posible bot
------------------------------------------
[2026-07-02 06:09:11]
IP: 127.0.0.1
Resultado: BLOQUEADO
Motivo: Honeypot detectó posible bot
------------------------------------------
[2026-07-02 06:09:11]
IP: 127.0.0.1
Resultado: BLOQUEADO
Motivo: Honeypot detectó posible bot
------------------------------------------
[2026-07-02 06:09:11]
IP: 127.0.0.1
Resultado: BLOQUEADO
Motivo: Honeypot detectó posible bot
------------------------------------------
[2026-07-02 06:09:11]
IP: 127.0.0.1
Resultado: BLOQUEADO
Motivo: Honeypot detectó posible bot
------------------------------------------
[2026-07-02 06:09:11]
IP: 127.0.0.1
Resultado: BLOQUEADO
Motivo: Honeypot detectó posible bot
------------------------------------------
[2026-07-02 06:09:11]
IP: 127.0.0.1
Resultado: BLOQUEADO
Motivo: Honeypot detectó posible bot
------------------------------------------
[2026-07-02 06:09:11]
IP: 127.0.0.1
Resultado: BLOQUEADO
Motivo: Honeypot detectó posible bot
------------------------------------------
[2026-07-02 06:09:11]
IP: 127.0.0.1
Resultado: BLOQUEADO
Motivo: Honeypot detectó posible bot
------------------------------------------
[2026-07-02 06:09:11]
IP: 127.0.0.1
Resultado: BLOQUEADO
Motivo: Honeypot detectó posible bot
------------------------------------------
[2026-07-02 06:09:11]
IP: 127.0.0.1
Resultado: BLOQUEADO
Motivo: Honeypot detectó posible bot
------------------------------------------
[2026-07-02 06:09:11]
IP: 127.0.0.1
Resultado: BLOQUEADO
Motivo: Honeypot detectó posible bot
------------------------------------------
[2026-07-02 06:09:11]
IP: 127.0.0.1
Resultado: BLOQUEADO
Motivo: Honeypot detectó posible bot
------------------------------------------
[2026-07-02 06:09:11]
IP: 127.0.0.1
Resultado: BLOQUEADO
Motivo: Honeypot detectó posible bot
------------------------------------------
[2026-07-02 06:09:11]
IP: 127.0.0.1
Resultado: BLOQUEADO
Motivo: Honeypot detectó posible bot
------------------------------------------
[2026-07-02 06:09:11]
IP: 127.0.0.1
Resultado: BLOQUEADO
Motivo: Honeypot detectó posible bot
------------------------------------------
[2026-07-02 06:09:11]
IP: 127.0.0.1
Resultado: BLOQUEADO
Motivo: Honeypot detectó posible bot
------------------------------------------
[2026-07-02 06:09:11]
IP: 127.0.0.1
Resultado: BLOQUEADO
Motivo: Honeypot detectó posible bot
------------------------------------------
[2026-07-02 06:09:11]
IP: 127.0.0.1
Resultado: BLOQUEADO
Motivo: Honeypot detectó posible bot
------------------------------------------
[2026-07-02 06:09:11]
IP: 127.0.0.1
Resultado: BLOQUEADO
Motivo: Honeypot detectó posible bot
------------------------------------------
[2026-07-02 06:09:11]
IP: 127.0.0.1
Resultado: BLOQUEADO
Motivo: Honeypot detectó posible bot
------------------------------------------
[2026-07-02 06:09:11]
IP: 127.0.0.1
Resultado: BLOQUEADO
Motivo: Honeypot detectó posible bot
------------------------------------------
[2026-07-02 06:09:11]
IP: 127.0.0.1
Resultado: BLOQUEADO
Motivo: Honeypot detectó posible bot
------------------------------------------
[2026-07-02 06:09:11]
IP: 127.0.0.1
Resultado: BLOQUEADO
Motivo: Honeypot detectó posible bot
------------------------------------------
[2026-07-02 06:09:11]
IP: 127.0.0.1
Resultado: BLOQUEADO
Motivo: Honeypot detectó posible bot
------------------------------------------
[2026-07-02 06:09:11]
IP: 127.0.0.1
Resultado: BLOQUEADO
Motivo: Honeypot detectó posible bot
------------------------------------------
[2026-07-02 06:09:11]
IP: 127.0.0.1
Resultado: BLOQUEADO
Motivo: Honeypot detectó posible bot
------------------------------------------
[2026-07-02 06:09:11]
IP: 127.0.0.1
Resultado: BLOQUEADO
Motivo: Honeypot detectó posible bot
------------------------------------------
[2026-07-02 06:09:11]
IP: 127.0.0.1
Resultado: BLOQUEADO
Motivo: Honeypot detectó posible bot
------------------------------------------
[2026-07-02 06:09:11]
IP: 127.0.0.1
Resultado: BLOQUEADO
Motivo: Honeypot detectó posible bot
------------------------------------------
[2026-07-02 06:09:11]
IP: 127.0.0.1
Resultado: BLOQUEADO
Motivo: Honeypot detectó posible bot
------------------------------------------
[2026-07-02 06:09:11]
IP: 127.0.0.1
Resultado: BLOQUEADO
Motivo: Honeypot detectó posible bot
------------------------------------------
[2026-07-02 06:09:11]
IP: 127.0.0.1
Resultado: BLOQUEADO
Motivo: Honeypot detectó posible bot
------------------------------------------
[2026-07-02 06:09:11]
IP: 127.0.0.1
Resultado: BLOQUEADO
Motivo: Honeypot detectó posible bot
------------------------------------------
[2026-07-02 06:09:11]
IP: 127.0.0.1
Resultado: BLOQUEADO
Motivo: Honeypot detectó posible bot
------------------------------------------
[2026-07-02 06:09:11]
IP: 127.0.0.1
Resultado: BLOQUEADO
Motivo: Honeypot detectó posible bot
------------------------------------------
[2026-07-02 06:09:11]
IP: 127.0.0.1
Resultado: BLOQUEADO
Motivo: Honeypot detectó posible bot
------------------------------------------
[2026-07-02 06:09:11]
IP: 127.0.0.1
Resultado: BLOQUEADO
Motivo: Honeypot detectó posible bot
------------------------------------------
[2026-07-02 06:09:11]
IP: 127.0.0.1
Resultado: BLOQUEADO
Motivo: Honeypot detectó posible bot
------------------------------------------
[2026-07-02 06:09:11]
IP: 127.0.0.1
Resultado: BLOQUEADO
Motivo: Honeypot detectó posible bot
------------------------------------------
[2026-07-02 06:09:11]
IP: 127.0.0.1
Resultado: BLOQUEADO
Motivo: Honeypot detectó posible bot
------------------------------------------
[2026-07-02 06:09:11]
IP: 127.0.0.1
Resultado: BLOQUEADO
Motivo: Honeypot detectó posible bot
------------------------------------------
[2026-07-02 06:09:11]
IP: 127.0.0.1
Resultado: BLOQUEADO
Motivo: Honeypot detectó posible bot
------------------------------------------
[2026-07-02 06:09:11]
IP: 127.0.0.1
Resultado: BLOQUEADO
Motivo: Honeypot detectó posible bot
------------------------------------------
[2026-07-02 06:09:11]
IP: 127.0.0.1
Resultado: BLOQUEADO
Motivo: Honeypot detectó posible bot
------------------------------------------
[2026-07-02 06:09:11]
IP: 127.0.0.1
Resultado: BLOQUEADO
Motivo: Honeypot detectó posible bot
------------------------------------------
[2026-07-02 06:09:11]
IP: 127.0.0.1
Resultado: BLOQUEADO
Motivo: Honeypot detectó posible bot
------------------------------------------
[2026-07-02 06:09:11]
IP: 127.0.0.1
Resultado: BLOQUEADO
Motivo: Honeypot detectó posible bot
------------------------------------------
[2026-07-02 06:09:11]
IP: 127.0.0.1
Resultado: BLOQUEADO
Motivo: Honeypot detectó posible bot
------------------------------------------
[2026-07-02 06:09:11]
IP: 127.0.0.1
Resultado: BLOQUEADO
Motivo: Honeypot detectó posible bot
------------------------------------------
[2026-07-02 06:09:11]
IP: 127.0.0.1
Resultado: BLOQUEADO
Motivo: Honeypot detectó posible bot
------------------------------------------
[2026-07-02 06:09:11]
IP: 127.0.0.1
Resultado: BLOQUEADO
Motivo: Honeypot detectó posible bot
------------------------------------------
[2026-07-02 06:09:11]
IP: 127.0.0.1
Resultado: BLOQUEADO
Motivo: Honeypot detectó posible bot
------------------------------------------
[2026-07-02 06:09:11]
IP: 127.0.0.1
Resultado: BLOQUEADO
Motivo: Honeypot detectó posible bot
------------------------------------------
[2026-07-02 06:09:11]
IP: 127.0.0.1
Resultado: BLOQUEADO
Motivo: Honeypot detectó posible bot
------------------------------------------
[2026-07-02 06:09:11]
IP: 127.0.0.1
Resultado: BLOQUEADO
Motivo: Honeypot detectó posible bot
------------------------------------------
[2026-07-02 06:09:11]
IP: 127.0.0.1
Resultado: BLOQUEADO
Motivo: Honeypot detectó posible bot
------------------------------------------
[2026-07-02 06:09:11]
IP: 127.0.0.1
Resultado: BLOQUEADO
Motivo: Honeypot detectó posible bot
------------------------------------------
[2026-07-02 06:09:11]
IP: 127.0.0.1
Resultado: BLOQUEADO
Motivo: Honeypot detectó posible bot
------------------------------------------
[2026-07-02 06:09:11]
IP: 127.0.0.1
Resultado: BLOQUEADO
Motivo: Honeypot detectó posible bot
------------------------------------------
[2026-07-02 06:09:11]
IP: 127.0.0.1
Resultado: BLOQUEADO
Motivo: Honeypot detectó posible bot
------------------------------------------
[2026-07-02 06:09:11]
IP: 127.0.0.1
Resultado: BLOQUEADO
Motivo: Honeypot detectó posible bot
------------------------------------------
[2026-07-02 06:09:11]
IP: 127.0.0.1
Resultado: BLOQUEADO
Motivo: Honeypot detectó posible bot
------------------------------------------
[2026-07-02 06:09:11]
IP: 127.0.0.1
Resultado: BLOQUEADO
Motivo: Honeypot detectó posible bot
------------------------------------------
[2026-07-02 06:09:11]
IP: 127.0.0.1
Resultado: BLOQUEADO
Motivo: Honeypot detectó posible bot
------------------------------------------
[2026-07-02 06:09:11]
IP: 127.0.0.1
Resultado: BLOQUEADO
Motivo: Honeypot detectó posible bot
------------------------------------------
[2026-07-02 06:09:11]
IP: 127.0.0.1
Resultado: BLOQUEADO
Motivo: Honeypot detectó posible bot
------------------------------------------
[2026-07-02 06:09:11]
IP: 127.0.0.1
Resultado: BLOQUEADO
Motivo: Honeypot detectó posible bot
------------------------------------------
[2026-07-02 06:09:11]
IP: 127.0.0.1
Resultado: BLOQUEADO
Motivo: Honeypot detectó posible bot
------------------------------------------
[2026-07-02 06:09:11]
IP: 127.0.0.1
Resultado: BLOQUEADO
Motivo: Honeypot detectó posible bot
------------------------------------------
[2026-07-02 06:09:11]
IP: 127.0.0.1
Resultado: BLOQUEADO
Motivo: Honeypot detectó posible bot
------------------------------------------
[2026-07-02 06:09:11]
IP: 127.0.0.1
Resultado: BLOQUEADO
Motivo: Honeypot detectó posible bot
------------------------------------------
[2026-07-02 06:09:11]
IP: 127.0.0.1
Resultado: BLOQUEADO
Motivo: Honeypot detectó posible bot
------------------------------------------
[2026-07-02 06:09:11]
IP: 127.0.0.1
Resultado: BLOQUEADO
Motivo: Honeypot detectó posible bot
------------------------------------------
[2026-07-02 06:09:11]
IP: 127.0.0.1
Resultado: BLOQUEADO
Motivo: Honeypot detectó posible bot
------------------------------------------
[2026-07-02 06:09:11]
IP: 127.0.0.1
Resultado: BLOQUEADO
Motivo: Honeypot detectó posible bot
------------------------------------------
[2026-07-02 06:09:11]
IP: 127.0.0.1
Resultado: BLOQUEADO
Motivo: Honeypot detectó posible bot
------------------------------------------
[2026-07-02 06:09:11]
IP: 127.0.0.1
Resultado: BLOQUEADO
Motivo: Honeypot detectó posible bot
------------------------------------------
[2026-07-02 06:09:11]
IP: 127.0.0.1
Resultado: BLOQUEADO
Motivo: Honeypot detectó posible bot
------------------------------------------
[2026-07-02 06:09:11]
IP: 127.0.0.1
Resultado: BLOQUEADO
Motivo: Honeypot detectó posible bot
------------------------------------------
[2026-07-02 06:09:11]
IP: 127.0.0.1
Resultado: BLOQUEADO
Motivo: Honeypot detectó posible bot
------------------------------------------
[2026-07-02 06:09:11]
IP: 127.0.0.1
Resultado: BLOQUEADO
Motivo: Honeypot detectó posible bot
------------------------------------------
[2026-07-02 06:09:11]
IP: 127.0.0.1
Resultado: BLOQUEADO
Motivo: Honeypot detectó posible bot
------------------------------------------
[2026-07-02 06:09:11]
IP: 127.0.0.1
Resultado: BLOQUEADO
Motivo: Honeypot detectó posible bot
------------------------------------------
[2026-07-02 06:09:11]
IP: 127.0.0.1
Resultado: BLOQUEADO
Motivo: Honeypot detectó posible bot
------------------------------------------
[2026-07-02 06:09:11]
IP: 127.0.0.1
Resultado: BLOQUEADO
Motivo: Honeypot detectó posible bot
------------------------------------------
[2026-07-02 06:09:11]
IP: 127.0.0.1
Resultado: BLOQUEADO
Motivo: Honeypot detectó posible bot
------------------------------------------
[2026-07-02 06:09:11]
IP: 127.0.0.1
Resultado: BLOQUEADO
Motivo: Honeypot detectó posible bot
------------------------------------------
[2026-07-02 06:09:11]
IP: 127.0.0.1
Resultado: BLOQUEADO
Motivo: Honeypot detectó posible bot
------------------------------------------
[2026-07-02 06:09:11]
IP: 127.0.0.1
Resultado: BLOQUEADO
Motivo: Honeypot detectó posible bot
------------------------------------------
[2026-07-02 06:09:11]
IP: 127.0.0.1
Resultado: BLOQUEADO
Motivo: Honeypot detectó posible bot
------------------------------------------
[2026-07-02 06:09:11]
IP: 127.0.0.1
Resultado: BLOQUEADO
Motivo: Honeypot detectó posible bot
------------------------------------------
[2026-07-02 06:09:11]
IP: 127.0.0.1
Resultado: BLOQUEADO
Motivo: Honeypot detectó posible bot
------------------------------------------
[2026-07-02 06:09:11]
IP: 127.0.0.1
Resultado: BLOQUEADO
Motivo: Honeypot detectó posible bot
------------------------------------------
[2026-07-02 06:09:11]
IP: 127.0.0.1
Resultado: BLOQUEADO
Motivo: Honeypot detectó posible bot
------------------------------------------
[2026-07-02 06:09:11]
IP: 127.0.0.1
Resultado: BLOQUEADO
Motivo: Honeypot detectó posible bot
------------------------------------------
[2026-07-02 06:09:11]
IP: 127.0.0.1
Resultado: BLOQUEADO
Motivo: Honeypot detectó posible bot
------------------------------------------
[2026-07-02 06:09:11]
IP: 127.0.0.1
Resultado: BLOQUEADO
Motivo: Honeypot detectó posible bot
------------------------------------------
[2026-07-02 06:09:11]
IP: 127.0.0.1
Resultado: BLOQUEADO
Motivo: Honeypot detectó posible bot
------------------------------------------
[2026-07-02 06:09:11]
IP: 127.0.0.1
Resultado: BLOQUEADO
Motivo: Honeypot detectó posible bot
------------------------------------------
[2026-07-02 06:09:11]
IP: 127.0.0.1
Resultado: BLOQUEADO
Motivo: Honeypot detectó posible bot
------------------------------------------
[2026-07-02 06:09:11]
IP: 127.0.0.1
Resultado: BLOQUEADO
Motivo: Honeypot detectó posible bot
------------------------------------------
[2026-07-02 06:09:11]
IP: 127.0.0.1
Resultado: BLOQUEADO
Motivo: Honeypot detectó posible bot
------------------------------------------
[2026-07-02 06:09:11]
IP: 127.0.0.1
Resultado: BLOQUEADO
Motivo: Honeypot detectó posible bot
------------------------------------------
[2026-07-02 06:09:11]
IP: 127.0.0.1
Resultado: BLOQUEADO
Motivo: Honeypot detectó posible bot
------------------------------------------
[2026-07-02 06:09:11]
IP: 127.0.0.1
Resultado: BLOQUEADO
Motivo: Honeypot detectó posible bot
------------------------------------------
[2026-07-02 06:09:11]
IP: 127.0.0.1
Resultado: BLOQUEADO
Motivo: Honeypot detectó posible bot
------------------------------------------
[2026-07-02 06:09:11]
IP: 127.0.0.1
Resultado: BLOQUEADO
Motivo: Honeypot detectó posible bot
------------------------------------------
[2026-07-02 06:09:11]
IP: 127.0.0.1
Resultado: BLOQUEADO
Motivo: Honeypot detectó posible bot
------------------------------------------
[2026-07-02 06:09:11]
IP: 127.0.0.1
Resultado: BLOQUEADO
Motivo: Honeypot detectó posible bot
------------------------------------------
[2026-07-02 06:09:11]
IP: 127.0.0.1
Resultado: BLOQUEADO
Motivo: Honeypot detectó posible bot
------------------------------------------
[2026-07-02 06:09:11]
IP: 127.0.0.1
Resultado: BLOQUEADO
Motivo: Honeypot detectó posible bot
------------------------------------------
[2026-07-02 06:09:11]
IP: 127.0.0.1
Resultado: BLOQUEADO
Motivo: Honeypot detectó posible bot
------------------------------------------
[2026-07-02 06:09:11]
IP: 127.0.0.1
Resultado: BLOQUEADO
Motivo: Honeypot detectó posible bot
------------------------------------------
[2026-07-02 06:09:11]
IP: 127.0.0.1
Resultado: BLOQUEADO
Motivo: Honeypot detectó posible bot
------------------------------------------
[2026-07-02 06:09:11]
IP: 127.0.0.1
Resultado: BLOQUEADO
Motivo: Honeypot detectó posible bot
------------------------------------------
[2026-07-02 06:09:11]
IP: 127.0.0.1
Resultado: BLOQUEADO
Motivo: Honeypot detectó posible bot
------------------------------------------
[2026-07-02 06:09:11]
IP: 127.0.0.1
Resultado: BLOQUEADO
Motivo: Honeypot detectó posible bot
------------------------------------------
[2026-07-02 06:09:11]
IP: 127.0.0.1
Resultado: BLOQUEADO
Motivo: Honeypot detectó posible bot
------------------------------------------
[2026-07-02 06:09:11]
IP: 127.0.0.1
Resultado: BLOQUEADO
Motivo: Honeypot detectó posible bot
------------------------------------------
[2026-07-02 06:09:11]
IP: 127.0.0.1
Resultado: BLOQUEADO
Motivo: Honeypot detectó posible bot
------------------------------------------
[2026-07-02 06:09:11]
IP: 127.0.0.1
Resultado: BLOQUEADO
Motivo: Honeypot detectó posible bot
------------------------------------------
[2026-07-02 06:09:11]
IP: 127.0.0.1
Resultado: BLOQUEADO
Motivo: Honeypot detectó posible bot
------------------------------------------
[2026-07-02 06:09:11]
IP: 127.0.0.1
Resultado: BLOQUEADO
Motivo: Honeypot detectó posible bot
------------------------------------------
[2026-07-02 06:09:11]
IP: 127.0.0.1
Resultado: BLOQUEADO
Motivo: Honeypot detectó posible bot
------------------------------------------
[2026-07-02 06:09:11]
IP: 127.0.0.1
Resultado: BLOQUEADO
Motivo: Honeypot detectó posible bot
------------------------------------------
[2026-07-02 06:09:11]
IP: 127.0.0.1
Resultado: BLOQUEADO
Motivo: Honeypot detectó posible bot
------------------------------------------
[2026-07-02 06:09:11]
IP: 127.0.0.1
Resultado: BLOQUEADO
Motivo: Honeypot detectó posible bot
------------------------------------------
[2026-07-02 06:09:11]
IP: 127.0.0.1
Resultado: BLOQUEADO
Motivo: Honeypot detectó posible bot
------------------------------------------
[2026-07-02 06:09:11]
IP: 127.0.0.1
Resultado: BLOQUEADO
Motivo: Honeypot detectó posible bot
------------------------------------------
[2026-07-02 06:09:11]
IP: 127.0.0.1
Resultado: BLOQUEADO
Motivo: Honeypot detectó posible bot
------------------------------------------
[2026-07-02 06:09:11]
IP: 127.0.0.1
Resultado: BLOQUEADO
Motivo: Honeypot detectó posible bot
------------------------------------------
[2026-07-02 06:09:11]
IP: 127.0.0.1
Resultado: BLOQUEADO
Motivo: Honeypot detectó posible bot
------------------------------------------
[2026-07-02 06:09:11]
IP: 127.0.0.1
Resultado: BLOQUEADO
Motivo: Honeypot detectó posible bot
------------------------------------------
[2026-07-02 06:09:11]
IP: 127.0.0.1
Resultado: BLOQUEADO
Motivo: Honeypot detectó posible bot
------------------------------------------
[2026-07-02 06:09:11]
IP: 127.0.0.1
Resultado: BLOQUEADO
Motivo: Honeypot detectó posible bot
------------------------------------------
[2026-07-02 06:09:11]
IP: 127.0.0.1
Resultado: BLOQUEADO
Motivo: Honeypot detectó posible bot
------------------------------------------
[2026-07-02 06:09:11]
IP: 127.0.0.1
Resultado: BLOQUEADO
Motivo: Honeypot detectó posible bot
------------------------------------------
[2026-07-02 06:09:11]
IP: 127.0.0.1
Resultado: BLOQUEADO
Motivo: Honeypot detectó posible bot
------------------------------------------
[2026-07-02 06:09:11]
IP: 127.0.0.1
Resultado: BLOQUEADO
Motivo: Honeypot detectó posible bot
------------------------------------------
[2026-07-02 06:09:11]
IP: 127.0.0.1
Resultado: BLOQUEADO
Motivo: Honeypot detectó posible bot
------------------------------------------
[2026-07-02 06:09:11]
IP: 127.0.0.1
Resultado: BLOQUEADO
Motivo: Honeypot detectó posible bot
------------------------------------------
[2026-07-02 06:09:12]
IP: 127.0.0.1
Resultado: BLOQUEADO
Motivo: Honeypot detectó posible bot
------------------------------------------
[2026-07-02 06:09:12]
IP: 127.0.0.1
Resultado: BLOQUEADO
Motivo: Honeypot detectó posible bot
------------------------------------------
[2026-07-02 06:09:12]
IP: 127.0.0.1
Resultado: BLOQUEADO
Motivo: Honeypot detectó posible bot
------------------------------------------
[2026-07-02 06:09:12]
IP: 127.0.0.1
Resultado: BLOQUEADO
Motivo: Honeypot detectó posible bot
------------------------------------------
[2026-07-02 06:09:12]
IP: 127.0.0.1
Resultado: BLOQUEADO
Motivo: Honeypot detectó posible bot
------------------------------------------
[2026-07-02 06:09:12]
IP: 127.0.0.1
Resultado: BLOQUEADO
Motivo: Honeypot detectó posible bot
------------------------------------------
[2026-07-02 06:09:12]
IP: 127.0.0.1
Resultado: BLOQUEADO
Motivo: Honeypot detectó posible bot
------------------------------------------
[2026-07-02 06:09:12]
IP: 127.0.0.1
Resultado: BLOQUEADO
Motivo: Honeypot detectó posible bot
------------------------------------------
[2026-07-02 06:09:12]
IP: 127.0.0.1
Resultado: BLOQUEADO
Motivo: Honeypot detectó posible bot
------------------------------------------
[2026-07-02 06:09:12]
IP: 127.0.0.1
Resultado: BLOQUEADO
Motivo: Honeypot detectó posible bot
------------------------------------------
[2026-07-02 06:09:12]
IP: 127.0.0.1
Resultado: BLOQUEADO
Motivo: Honeypot detectó posible bot
------------------------------------------
[2026-07-02 06:09:12]
IP: 127.0.0.1
Resultado: BLOQUEADO
Motivo: Honeypot detectó posible bot
------------------------------------------
[2026-07-02 06:09:12]
IP: 127.0.0.1
Resultado: BLOQUEADO
Motivo: Honeypot detectó posible bot
------------------------------------------
[2026-07-02 06:09:12]
IP: 127.0.0.1
Resultado: BLOQUEADO
Motivo: Honeypot detectó posible bot
------------------------------------------
[2026-07-02 06:09:12]
IP: 127.0.0.1
Resultado: BLOQUEADO
Motivo: Honeypot detectó posible bot
------------------------------------------
[2026-07-02 06:09:12]
IP: 127.0.0.1
Resultado: BLOQUEADO
Motivo: Honeypot detectó posible bot
------------------------------------------
[2026-07-02 06:09:12]
IP: 127.0.0.1
Resultado: BLOQUEADO
Motivo: Honeypot detectó posible bot
------------------------------------------
[2026-07-02 06:09:12]
IP: 127.0.0.1
Resultado: BLOQUEADO
Motivo: Honeypot detectó posible bot
------------------------------------------
[2026-07-02 06:09:12]
IP: 127.0.0.1
Resultado: BLOQUEADO
Motivo: Honeypot detectó posible bot
------------------------------------------
[2026-07-02 06:09:12]
IP: 127.0.0.1
Resultado: BLOQUEADO
Motivo: Honeypot detectó posible bot
------------------------------------------
[2026-07-02 06:09:12]
IP: 127.0.0.1
Resultado: BLOQUEADO
Motivo: Honeypot detectó posible bot
------------------------------------------
[2026-07-02 06:09:12]
IP: 127.0.0.1
Resultado: BLOQUEADO
Motivo: Honeypot detectó posible bot
------------------------------------------
[2026-07-02 06:09:12]
IP: 127.0.0.1
Resultado: BLOQUEADO
Motivo: Honeypot detectó posible bot
------------------------------------------
[2026-07-02 06:09:12]
IP: 127.0.0.1
Resultado: BLOQUEADO
Motivo: Honeypot detectó posible bot
------------------------------------------
[2026-07-02 06:09:12]
IP: 127.0.0.1
Resultado: BLOQUEADO
Motivo: Honeypot detectó posible bot
------------------------------------------
[2026-07-02 06:09:12]
IP: 127.0.0.1
Resultado: BLOQUEADO
Motivo: Honeypot detectó posible bot
------------------------------------------
[2026-07-02 06:09:12]
IP: 127.0.0.1
Resultado: BLOQUEADO
Motivo: Honeypot detectó posible bot
------------------------------------------
[2026-07-02 06:09:12]
IP: 127.0.0.1
Resultado: BLOQUEADO
Motivo: Honeypot detectó posible bot
------------------------------------------
[2026-07-02 06:09:12]
IP: 127.0.0.1
Resultado: BLOQUEADO
Motivo: Honeypot detectó posible bot
------------------------------------------
[2026-07-02 06:09:12]
IP: 127.0.0.1
Resultado: BLOQUEADO
Motivo: Honeypot detectó posible bot
------------------------------------------
[2026-07-02 06:09:12]
IP: 127.0.0.1
Resultado: BLOQUEADO
Motivo: Honeypot detectó posible bot
------------------------------------------
[2026-07-02 06:09:12]
IP: 127.0.0.1
Resultado: BLOQUEADO
Motivo: Honeypot detectó posible bot
------------------------------------------
[2026-07-02 06:09:12]
IP: 127.0.0.1
Resultado: BLOQUEADO
Motivo: Honeypot detectó posible bot
------------------------------------------
[2026-07-02 06:09:12]
IP: 127.0.0.1
Resultado: BLOQUEADO
Motivo: Honeypot detectó posible bot
------------------------------------------
[2026-07-02 06:09:12]
IP: 127.0.0.1
Resultado: BLOQUEADO
Motivo: Honeypot detectó posible bot
------------------------------------------
[2026-07-02 06:09:12]
IP: 127.0.0.1
Resultado: BLOQUEADO
Motivo: Honeypot detectó posible bot
------------------------------------------
[2026-07-02 06:09:12]
IP: 127.0.0.1
Resultado: BLOQUEADO
Motivo: Honeypot detectó posible bot
------------------------------------------
[2026-07-02 06:09:12]
IP: 127.0.0.1
Resultado: BLOQUEADO
Motivo: Honeypot detectó posible bot
------------------------------------------
[2026-07-02 06:09:12]
IP: 127.0.0.1
Resultado: BLOQUEADO
Motivo: Honeypot detectó posible bot
------------------------------------------
[2026-07-02 06:09:12]
IP: 127.0.0.1
Resultado: BLOQUEADO
Motivo: Honeypot detectó posible bot
------------------------------------------
[2026-07-02 06:09:12]
IP: 127.0.0.1
Resultado: BLOQUEADO
Motivo: Honeypot detectó posible bot
------------------------------------------
[2026-07-02 06:09:12]
IP: 127.0.0.1
Resultado: BLOQUEADO
Motivo: Honeypot detectó posible bot
------------------------------------------
[2026-07-02 06:09:12]
IP: 127.0.0.1
Resultado: BLOQUEADO
Motivo: Honeypot detectó posible bot
------------------------------------------
[2026-07-02 06:09:12]
IP: 127.0.0.1
Resultado: BLOQUEADO
Motivo: Honeypot detectó posible bot
------------------------------------------
[2026-07-02 06:09:12]
IP: 127.0.0.1
Resultado: BLOQUEADO
Motivo: Honeypot detectó posible bot
------------------------------------------
[2026-07-02 06:09:12]
IP: 127.0.0.1
Resultado: BLOQUEADO
Motivo: Honeypot detectó posible bot
------------------------------------------
[2026-07-02 06:09:12]
IP: 127.0.0.1
Resultado: BLOQUEADO
Motivo: Honeypot detectó posible bot
------------------------------------------
[2026-07-02 06:09:12]
IP: 127.0.0.1
Resultado: BLOQUEADO
Motivo: Honeypot detectó posible bot
------------------------------------------
[2026-07-02 06:09:12]
IP: 127.0.0.1
Resultado: BLOQUEADO
Motivo: Honeypot detectó posible bot
------------------------------------------
[2026-07-02 06:09:12]
IP: 127.0.0.1
Resultado: BLOQUEADO
Motivo: Honeypot detectó posible bot
------------------------------------------
[2026-07-02 06:09:12]
IP: 127.0.0.1
Resultado: BLOQUEADO
Motivo: Honeypot detectó posible bot
------------------------------------------
[2026-07-02 06:09:12]
IP: 127.0.0.1
Resultado: BLOQUEADO
Motivo: Honeypot detectó posible bot
------------------------------------------
[2026-07-02 06:09:12]
IP: 127.0.0.1
Resultado: BLOQUEADO
Motivo: Honeypot detectó posible bot
------------------------------------------
[2026-07-02 06:09:12]
IP: 127.0.0.1
Resultado: BLOQUEADO
Motivo: Honeypot detectó posible bot
------------------------------------------
[2026-07-02 06:09:12]
IP: 127.0.0.1
Resultado: BLOQUEADO
Motivo: Honeypot detectó posible bot
------------------------------------------
[2026-07-02 06:09:12]
IP: 127.0.0.1
Resultado: BLOQUEADO
Motivo: Honeypot detectó posible bot
------------------------------------------
[2026-07-02 06:09:12]
IP: 127.0.0.1
Resultado: BLOQUEADO
Motivo: Honeypot detectó posible bot
------------------------------------------
[2026-07-02 06:09:12]
IP: 127.0.0.1
Resultado: BLOQUEADO
Motivo: Honeypot detectó posible bot
------------------------------------------
[2026-07-02 06:09:12]
IP: 127.0.0.1
Resultado: BLOQUEADO
Motivo: Honeypot detectó posible bot
------------------------------------------
[2026-07-02 06:09:12]
IP: 127.0.0.1
Resultado: BLOQUEADO
Motivo: Honeypot detectó posible bot
------------------------------------------
[2026-07-02 06:09:12]
IP: 127.0.0.1
Resultado: BLOQUEADO
Motivo: Honeypot detectó posible bot
------------------------------------------
[2026-07-02 06:09:12]
IP: 127.0.0.1
Resultado: BLOQUEADO
Motivo: Honeypot detectó posible bot
------------------------------------------
[2026-07-02 06:09:12]
IP: 127.0.0.1
Resultado: BLOQUEADO
Motivo: Honeypot detectó posible bot
------------------------------------------
[2026-07-02 06:09:12]
IP: 127.0.0.1
Resultado: BLOQUEADO
Motivo: Honeypot detectó posible bot
------------------------------------------
[2026-07-02 06:09:12]
IP: 127.0.0.1
Resultado: BLOQUEADO
Motivo: Honeypot detectó posible bot
------------------------------------------
[2026-07-02 06:09:12]
IP: 127.0.0.1
Resultado: BLOQUEADO
Motivo: Honeypot detectó posible bot
------------------------------------------
[2026-07-02 06:09:12]
IP: 127.0.0.1
Resultado: BLOQUEADO
Motivo: Honeypot detectó posible bot
------------------------------------------
[2026-07-02 06:09:12]
IP: 127.0.0.1
Resultado: BLOQUEADO
Motivo: Honeypot detectó posible bot
------------------------------------------
[2026-07-02 06:09:12]
IP: 127.0.0.1
Resultado: BLOQUEADO
Motivo: Honeypot detectó posible bot
------------------------------------------
[2026-07-02 06:09:12]
IP: 127.0.0.1
Resultado: BLOQUEADO
Motivo: Honeypot detectó posible bot
------------------------------------------
[2026-07-02 06:09:12]
IP: 127.0.0.1
Resultado: BLOQUEADO
Motivo: Honeypot detectó posible bot
------------------------------------------
[2026-07-02 06:09:12]
IP: 127.0.0.1
Resultado: BLOQUEADO
Motivo: Honeypot detectó posible bot
------------------------------------------
[2026-07-02 06:09:12]
IP: 127.0.0.1
Resultado: BLOQUEADO
Motivo: Honeypot detectó posible bot
------------------------------------------
[2026-07-02 06:09:12]
IP: 127.0.0.1
Resultado: BLOQUEADO
Motivo: Honeypot detectó posible bot
------------------------------------------
[2026-07-02 06:09:12]
IP: 127.0.0.1
Resultado: BLOQUEADO
Motivo: Honeypot detectó posible bot
------------------------------------------
[2026-07-02 06:09:12]
IP: 127.0.0.1
Resultado: BLOQUEADO
Motivo: Honeypot detectó posible bot
------------------------------------------
[2026-07-02 06:09:12]
IP: 127.0.0.1
Resultado: BLOQUEADO
Motivo: Honeypot detectó posible bot
------------------------------------------
[2026-07-02 06:09:12]
IP: 127.0.0.1
Resultado: BLOQUEADO
Motivo: Honeypot detectó posible bot
------------------------------------------
[2026-07-02 06:09:12]
IP: 127.0.0.1
Resultado: BLOQUEADO
Motivo: Honeypot detectó posible bot
------------------------------------------
[2026-07-02 06:09:12]
IP: 127.0.0.1
Resultado: BLOQUEADO
Motivo: Honeypot detectó posible bot
------------------------------------------
[2026-07-02 06:09:12]
IP: 127.0.0.1
Resultado: BLOQUEADO
Motivo: Honeypot detectó posible bot
------------------------------------------
[2026-07-02 06:09:12]
IP: 127.0.0.1
Resultado: BLOQUEADO
Motivo: Honeypot detectó posible bot
------------------------------------------
[2026-07-02 06:09:12]
IP: 127.0.0.1
Resultado: BLOQUEADO
Motivo: Honeypot detectó posible bot
------------------------------------------
[2026-07-02 06:09:12]
IP: 127.0.0.1
Resultado: BLOQUEADO
Motivo: Honeypot detectó posible bot
------------------------------------------
[2026-07-02 06:09:12]
IP: 127.0.0.1
Resultado: BLOQUEADO
Motivo: Honeypot detectó posible bot
------------------------------------------
[2026-07-02 06:09:12]
IP: 127.0.0.1
Resultado: BLOQUEADO
Motivo: Honeypot detectó posible bot
------------------------------------------
[2026-07-02 06:09:12]
IP: 127.0.0.1
Resultado: BLOQUEADO
Motivo: Honeypot detectó posible bot
------------------------------------------
[2026-07-02 06:09:12]
IP: 127.0.0.1
Resultado: BLOQUEADO
Motivo: Honeypot detectó posible bot
------------------------------------------
[2026-07-02 06:09:12]
IP: 127.0.0.1
Resultado: BLOQUEADO
Motivo: Honeypot detectó posible bot
------------------------------------------
[2026-07-02 06:09:12]
IP: 127.0.0.1
Resultado: BLOQUEADO
Motivo: Honeypot detectó posible bot
------------------------------------------
[2026-07-02 06:09:12]
IP: 127.0.0.1
Resultado: BLOQUEADO
Motivo: Honeypot detectó posible bot
------------------------------------------
[2026-07-02 06:09:12]
IP: 127.0.0.1
Resultado: BLOQUEADO
Motivo: Honeypot detectó posible bot
------------------------------------------
[2026-07-02 06:09:12]
IP: 127.0.0.1
Resultado: BLOQUEADO
Motivo: Honeypot detectó posible bot
------------------------------------------
[2026-07-02 06:09:12]
IP: 127.0.0.1
Resultado: BLOQUEADO
Motivo: Honeypot detectó posible bot
------------------------------------------
[2026-07-02 06:09:12]
IP: 127.0.0.1
Resultado: BLOQUEADO
Motivo: Honeypot detectó posible bot
------------------------------------------
[2026-07-02 06:09:12]
IP: 127.0.0.1
Resultado: BLOQUEADO
Motivo: Honeypot detectó posible bot
------------------------------------------
[2026-07-02 06:09:12]
IP: 127.0.0.1
Resultado: BLOQUEADO
Motivo: Honeypot detectó posible bot
------------------------------------------
[2026-07-02 06:09:12]
IP: 127.0.0.1
Resultado: BLOQUEADO
Motivo: Honeypot detectó posible bot
------------------------------------------
[2026-07-02 06:09:12]
IP: 127.0.0.1
Resultado: BLOQUEADO
Motivo: Honeypot detectó posible bot
------------------------------------------
[2026-07-02 06:09:12]
IP: 127.0.0.1
Resultado: BLOQUEADO
Motivo: Honeypot detectó posible bot
------------------------------------------
[2026-07-02 06:09:12]
IP: 127.0.0.1
Resultado: BLOQUEADO
Motivo: Honeypot detectó posible bot
------------------------------------------
[2026-07-02 06:09:12]
IP: 127.0.0.1
Resultado: BLOQUEADO
Motivo: Honeypot detectó posible bot
------------------------------------------
[2026-07-02 06:09:12]
IP: 127.0.0.1
Resultado: BLOQUEADO
Motivo: Honeypot detectó posible bot
------------------------------------------
[2026-07-05 02:26:06]
IP: 127.0.0.1
Nombre: cibernauta prueba
Correo: sneyramarquez@gmail.com
Servicio: Negocios Internacionales
Resultado: ÉXITO
------------------------------------------
[2026-07-05 02:26:42]
IP: 127.0.0.1
Nombre: cibernauta prueba
Correo: sneyramarquez@gmail.com
Servicio: Importación
Resultado: ÉXITO
------------------------------------------
[2026-07-05 02:27:01]
IP: 127.0.0.1
Nombre: cibernauta prueba
Correo: sneyramarquez@gmail.com
Servicio: Transporte Logístico
Resultado: ÉXITO
------------------------------------------
[2026-07-05 02:27:42]
IP: 127.0.0.1
Nombre: cibernauta prueba dos
Correo: sneyramarquez@gmail.com
Servicio: Transporte Logístico
Resultado: ÉXITO
------------------------------------------
[2026-07-05 02:28:25]
IP: 127.0.0.1
Nombre: cibernauta prueba tres
Correo: sneyramarquez@gmail.com
Servicio: Exportación
Resultado: ÉXITO
------------------------------------------
[2026-07-05 02:28:54]
IP: 127.0.0.1
Correo: sneyramarquez@gmail.com
Resultado: BLOQUEADO
Motivo: Rate Limiting
------------------------------------------
[2026-07-05 02:31:28]
IP: 127.0.0.1
Correo: sneyramarquez@gmail.com
Resultado: BLOQUEADO
Motivo: Rate Limiting
------------------------------------------
[2026-07-05 02:31:34]
IP: 127.0.0.1
Resultado: ERROR
Motivo: reCAPTCHA inválido
------------------------------------------
[2026-07-04 21:46:37]
IP: 127.0.0.1
Nombre: cibernauta prueba horario Actual
Correo: sneyram@autonoma.edu.pe
Servicio: Transporte Logístico
Resultado: ÉXITO
------------------------------------------
